device: cuda
vocab 27,171 | classes ['World', 'Sports', 'Business', 'Sci/Tech']
train 110,000 examples | 1,719 batches
valid  10,000 examples |   157 batches
test    7,600 examples |   119 batches
| epoch  1 |   200/ 1719 batches |   12.4 ms/batch | loss 1.236 | acc 44.55 |
| epoch  1 |   400/ 1719 batches |   10.5 ms/batch | loss 0.861 | acc 65.91 |
| epoch  1 |   600/ 1719 batches |   10.5 ms/batch | loss 0.722 | acc 73.27 |
| epoch  1 |   800/ 1719 batches |   10.3 ms/batch | loss 0.605 | acc 77.84 |
| epoch  1 |  1000/ 1719 batches |   10.4 ms/batch | loss 0.540 | acc 80.38 |
| epoch  1 |  1200/ 1719 batches |   10.3 ms/batch | loss 0.511 | acc 82.07 |
| epoch  1 |  1400/ 1719 batches |   10.5 ms/batch | loss 0.483 | acc 83.04 |
| epoch  1 |  1600/ 1719 batches |   10.6 ms/batch | loss 0.447 | acc 84.63 |
--------------------------------------------------------------------------------------------
| end of epoch  1 |   18.7s | train loss 0.658 | train acc 74.77 | valid loss 0.350 | valid acc 88.35 |
--------------------------------------------------------------------------------------------
| epoch  2 |   200/ 1719 batches |    8.2 ms/batch | loss 0.403 | acc 86.24 |
| epoch  2 |   400/ 1719 batches |    7.8 ms/batch | loss 0.380 | acc 87.07 |
| epoch  2 |   600/ 1719 batches |    7.9 ms/batch | loss 0.383 | acc 87.23 |
| epoch  2 |   800/ 1719 batches |    7.7 ms/batch | loss 0.371 | acc 87.61 |
| epoch  2 |  1000/ 1719 batches |    7.7 ms/batch | loss 0.352 | acc 88.15 |
| epoch  2 |  1200/ 1719 batches |    7.6 ms/batch | loss 0.345 | acc 88.22 |
| epoch  2 |  1400/ 1719 batches |    8.0 ms/batch | loss 0.346 | acc 88.41 |
| epoch  2 |  1600/ 1719 batches |    8.2 ms/batch | loss 0.327 | acc 89.14 |
--------------------------------------------------------------------------------------------
| end of epoch  2 |   13.9s | train loss 0.361 | train acc 87.85 | valid loss 0.282 | valid acc 90.54 |
--------------------------------------------------------------------------------------------
| epoch  3 |   200/ 1719 batches |    8.4 ms/batch | loss 0.298 | acc 89.88 |
| epoch  3 |   400/ 1719 batches |    9.5 ms/batch | loss 0.297 | acc 90.23 |
| epoch  3 |   600/ 1719 batches |   10.3 ms/batch | loss 0.303 | acc 89.91 |
| epoch  3 |   800/ 1719 batches |   10.3 ms/batch | loss 0.302 | acc 89.87 |
| epoch  3 |  1000/ 1719 batches |   10.4 ms/batch | loss 0.294 | acc 90.25 |
| epoch  3 |  1200/ 1719 batches |   10.3 ms/batch | loss 0.294 | acc 90.28 |
| epoch  3 |  1400/ 1719 batches |   10.3 ms/batch | loss 0.283 | acc 90.45 |
| epoch  3 |  1600/ 1719 batches |   10.4 ms/batch | loss 0.290 | acc 90.35 |
--------------------------------------------------------------------------------------------
| end of epoch  3 |   17.5s | train loss 0.294 | train acc 90.18 | valid loss 0.256 | valid acc 91.46 |
--------------------------------------------------------------------------------------------
| epoch  4 |   200/ 1719 batches |    8.1 ms/batch | loss 0.262 | acc 91.13 |
| epoch  4 |   400/ 1719 batches |    8.0 ms/batch | loss 0.263 | acc 91.41 |
| epoch  4 |   600/ 1719 batches |    8.3 ms/batch | loss 0.261 | acc 91.34 |
| epoch  4 |   800/ 1719 batches |    8.2 ms/batch | loss 0.260 | acc 91.28 |
| epoch  4 |  1000/ 1719 batches |    8.4 ms/batch | loss 0.259 | acc 91.27 |
| epoch  4 |  1200/ 1719 batches |    9.9 ms/batch | loss 0.265 | acc 91.14 |
| epoch  4 |  1400/ 1719 batches |    8.2 ms/batch | loss 0.243 | acc 91.55 |
| epoch  4 |  1600/ 1719 batches |    8.1 ms/batch | loss 0.248 | acc 91.34 |
--------------------------------------------------------------------------------------------
| end of epoch  4 |   14.9s | train loss 0.258 | train acc 91.28 | valid loss 0.251 | valid acc 91.78 |
--------------------------------------------------------------------------------------------
| epoch  5 |   200/ 1719 batches |    9.8 ms/batch | loss 0.230 | acc 92.25 |
| epoch  5 |   400/ 1719 batches |    8.6 ms/batch | loss 0.228 | acc 92.30 |
| epoch  5 |   600/ 1719 batches |    8.2 ms/batch | loss 0.223 | acc 92.49 |
| epoch  5 |   800/ 1719 batches |    9.1 ms/batch | loss 0.234 | acc 91.80 |
| epoch  5 |  1000/ 1719 batches |   10.6 ms/batch | loss 0.225 | acc 92.43 |
| epoch  5 |  1200/ 1719 batches |    9.3 ms/batch | loss 0.220 | acc 92.45 |
| epoch  5 |  1400/ 1719 batches |    8.3 ms/batch | loss 0.226 | acc 92.13 |
| epoch  5 |  1600/ 1719 batches |    8.5 ms/batch | loss 0.233 | acc 92.12 |
--------------------------------------------------------------------------------------------
| end of epoch  5 |   16.0s | train loss 0.228 | train acc 92.26 | valid loss 0.243 | valid acc 91.81 |
--------------------------------------------------------------------------------------------
| epoch  6 |   200/ 1719 batches |    8.7 ms/batch | loss 0.206 | acc 93.21 |
| epoch  6 |   400/ 1719 batches |    8.6 ms/batch | loss 0.198 | acc 93.21 |
| epoch  6 |   600/ 1719 batches |    8.8 ms/batch | loss 0.199 | acc 93.08 |
| epoch  6 |   800/ 1719 batches |    8.6 ms/batch | loss 0.203 | acc 93.15 |
| epoch  6 |  1000/ 1719 batches |    9.7 ms/batch | loss 0.204 | acc 93.02 |
| epoch  6 |  1200/ 1719 batches |    8.8 ms/batch | loss 0.218 | acc 92.56 |
| epoch  6 |  1400/ 1719 batches |    8.0 ms/batch | loss 0.207 | acc 92.95 |
| epoch  6 |  1600/ 1719 batches |    8.0 ms/batch | loss 0.207 | acc 92.91 |
--------------------------------------------------------------------------------------------
| end of epoch  6 |   15.2s | train loss 0.206 | train acc 93.00 | valid loss 0.230 | valid acc 92.28 |
--------------------------------------------------------------------------------------------
| epoch  7 |   200/ 1719 batches |    7.1 ms/batch | loss 0.181 | acc 93.77 |
| epoch  7 |   400/ 1719 batches |    7.9 ms/batch | loss 0.180 | acc 93.80 |
| epoch  7 |   600/ 1719 batches |    8.1 ms/batch | loss 0.186 | acc 93.41 |
| epoch  7 |   800/ 1719 batches |    7.7 ms/batch | loss 0.186 | acc 93.70 |
| epoch  7 |  1000/ 1719 batches |    9.1 ms/batch | loss 0.194 | acc 93.27 |
| epoch  7 |  1200/ 1719 batches |   10.4 ms/batch | loss 0.195 | acc 93.53 |
| epoch  7 |  1400/ 1719 batches |   10.4 ms/batch | loss 0.177 | acc 93.77 |
| epoch  7 |  1600/ 1719 batches |   10.3 ms/batch | loss 0.192 | acc 93.49 |
--------------------------------------------------------------------------------------------
| end of epoch  7 |   15.7s | train loss 0.188 | train acc 93.56 | valid loss 0.247 | valid acc 91.95 |
--------------------------------------------------------------------------------------------
| epoch  8 |   200/ 1719 batches |   10.0 ms/batch | loss 0.168 | acc 94.26 |
| epoch  8 |   400/ 1719 batches |   10.6 ms/batch | loss 0.164 | acc 94.22 |
| epoch  8 |   600/ 1719 batches |   10.9 ms/batch | loss 0.165 | acc 94.38 |
| epoch  8 |   800/ 1719 batches |   10.8 ms/batch | loss 0.178 | acc 93.97 |
| epoch  8 |  1000/ 1719 batches |   10.4 ms/batch | loss 0.182 | acc 93.84 |
| epoch  8 |  1200/ 1719 batches |    9.3 ms/batch | loss 0.169 | acc 94.09 |
| epoch  8 |  1400/ 1719 batches |    7.9 ms/batch | loss 0.172 | acc 93.81 |
| epoch  8 |  1600/ 1719 batches |    8.4 ms/batch | loss 0.192 | acc 93.53 |
--------------------------------------------------------------------------------------------
| end of epoch  8 |   16.9s | train loss 0.173 | train acc 94.01 | valid loss 0.253 | valid acc 92.25 |
--------------------------------------------------------------------------------------------
| epoch  9 |   200/ 1719 batches |    8.2 ms/batch | loss 0.150 | acc 94.89 |
| epoch  9 |   400/ 1719 batches |    8.3 ms/batch | loss 0.151 | acc 94.72 |
| epoch  9 |   600/ 1719 batches |    8.5 ms/batch | loss 0.163 | acc 94.20 |
| epoch  9 |   800/ 1719 batches |    8.2 ms/batch | loss 0.151 | acc 94.79 |
| epoch  9 |  1000/ 1719 batches |    8.1 ms/batch | loss 0.155 | acc 94.84 |
| epoch  9 |  1200/ 1719 batches |    8.0 ms/batch | loss 0.172 | acc 94.09 |
| epoch  9 |  1400/ 1719 batches |    8.1 ms/batch | loss 0.165 | acc 94.42 |
| epoch  9 |  1600/ 1719 batches |    8.4 ms/batch | loss 0.171 | acc 94.15 |
--------------------------------------------------------------------------------------------
| end of epoch  9 |   14.4s | train loss 0.159 | train acc 94.51 | valid loss 0.259 | valid acc 91.79 |
--------------------------------------------------------------------------------------------
| epoch 10 |   200/ 1719 batches |    7.9 ms/batch | loss 0.134 | acc 95.33 |
| epoch 10 |   400/ 1719 batches |    8.1 ms/batch | loss 0.136 | acc 95.28 |
| epoch 10 |   600/ 1719 batches |    7.9 ms/batch | loss 0.144 | acc 94.95 |
| epoch 10 |   800/ 1719 batches |    8.0 ms/batch | loss 0.145 | acc 94.84 |
| epoch 10 |  1000/ 1719 batches |    8.1 ms/batch | loss 0.145 | acc 94.87 |
| epoch 10 |  1200/ 1719 batches |    8.4 ms/batch | loss 0.150 | acc 94.58 |
| epoch 10 |  1400/ 1719 batches |    8.6 ms/batch | loss 0.155 | acc 94.85 |
| epoch 10 |  1600/ 1719 batches |    8.2 ms/batch | loss 0.161 | acc 94.24 |
--------------------------------------------------------------------------------------------
| end of epoch 10 |   14.3s | train loss 0.148 | train acc 94.83 | valid loss 0.239 | valid acc 92.29 |
--------------------------------------------------------------------------------------------
| epoch 11 |   200/ 1719 batches |    8.8 ms/batch | loss 0.118 | acc 95.83 |
| epoch 11 |   400/ 1719 batches |    9.0 ms/batch | loss 0.119 | acc 95.86 |
| epoch 11 |   600/ 1719 batches |    8.8 ms/batch | loss 0.131 | acc 95.19 |
| epoch 11 |   800/ 1719 batches |    9.3 ms/batch | loss 0.138 | acc 95.20 |
| epoch 11 |  1000/ 1719 batches |    7.9 ms/batch | loss 0.139 | acc 94.98 |
| epoch 11 |  1200/ 1719 batches |    7.8 ms/batch | loss 0.144 | acc 94.79 |
| epoch 11 |  1400/ 1719 batches |    7.7 ms/batch | loss 0.144 | acc 94.98 |
| epoch 11 |  1600/ 1719 batches |    7.8 ms/batch | loss 0.143 | acc 94.99 |
--------------------------------------------------------------------------------------------
| end of epoch 11 |   14.7s | train loss 0.136 | train acc 95.18 | valid loss 0.254 | valid acc 92.21 |
--------------------------------------------------------------------------------------------
| epoch 12 |   200/ 1719 batches |    7.9 ms/batch | loss 0.112 | acc 96.08 |
| epoch 12 |   400/ 1719 batches |    7.9 ms/batch | loss 0.115 | acc 96.05 |
| epoch 12 |   600/ 1719 batches |    7.7 ms/batch | loss 0.118 | acc 95.87 |
| epoch 12 |   800/ 1719 batches |    8.0 ms/batch | loss 0.130 | acc 95.18 |
| epoch 12 |  1000/ 1719 batches |    8.2 ms/batch | loss 0.130 | acc 95.37 |
| epoch 12 |  1200/ 1719 batches |    8.5 ms/batch | loss 0.132 | acc 95.16 |
| epoch 12 |  1400/ 1719 batches |    8.2 ms/batch | loss 0.133 | acc 95.38 |
| epoch 12 |  1600/ 1719 batches |    8.2 ms/batch | loss 0.139 | acc 95.12 |
--------------------------------------------------------------------------------------------
| end of epoch 12 |   14.2s | train loss 0.127 | train acc 95.49 | valid loss 0.277 | valid acc 91.93 |
--------------------------------------------------------------------------------------------
| epoch 13 |   200/ 1719 batches |    8.0 ms/batch | loss 0.096 | acc 96.55 |
| epoch 13 |   400/ 1719 batches |   14.5 ms/batch | loss 0.110 | acc 96.20 |
| epoch 13 |   600/ 1719 batches |   16.2 ms/batch | loss 0.108 | acc 95.95 |
| epoch 13 |   800/ 1719 batches |    9.0 ms/batch | loss 0.112 | acc 95.89 |
| epoch 13 |  1000/ 1719 batches |   15.6 ms/batch | loss 0.121 | acc 95.67 |
| epoch 13 |  1200/ 1719 batches |   17.3 ms/batch | loss 0.119 | acc 95.71 |
| epoch 13 |  1400/ 1719 batches |   16.8 ms/batch | loss 0.132 | acc 95.20 |
| epoch 13 |  1600/ 1719 batches |   16.5 ms/batch | loss 0.137 | acc 95.16 |
--------------------------------------------------------------------------------------------
| end of epoch 13 |   25.2s | train loss 0.118 | train acc 95.76 | valid loss 0.274 | valid acc 92.15 |
--------------------------------------------------------------------------------------------
| epoch 14 |   200/ 1719 batches |   15.5 ms/batch | loss 0.093 | acc 96.76 |
| epoch 14 |   400/ 1719 batches |   16.0 ms/batch | loss 0.100 | acc 96.34 |
| epoch 14 |   600/ 1719 batches |   15.7 ms/batch | loss 0.100 | acc 96.39 |
| epoch 14 |   800/ 1719 batches |   16.4 ms/batch | loss 0.107 | acc 96.09 |
| epoch 14 |  1000/ 1719 batches |   17.4 ms/batch | loss 0.113 | acc 95.96 |
| epoch 14 |  1200/ 1719 batches |   17.4 ms/batch | loss 0.106 | acc 96.20 |
| epoch 14 |  1400/ 1719 batches |   12.4 ms/batch | loss 0.128 | acc 95.43 |
| epoch 14 |  1600/ 1719 batches |   10.4 ms/batch | loss 0.127 | acc 95.25 |
--------------------------------------------------------------------------------------------
| end of epoch 14 |   25.8s | train loss 0.110 | train acc 96.01 | valid loss 0.269 | valid acc 91.90 |
--------------------------------------------------------------------------------------------
| epoch 15 |   200/ 1719 batches |    8.2 ms/batch | loss 0.095 | acc 96.66 |
| epoch 15 |   400/ 1719 batches |    8.2 ms/batch | loss 0.089 | acc 96.80 |
| epoch 15 |   600/ 1719 batches |    8.2 ms/batch | loss 0.094 | acc 96.56 |
| epoch 15 |   800/ 1719 batches |    9.5 ms/batch | loss 0.095 | acc 96.77 |
| epoch 15 |  1000/ 1719 batches |    8.8 ms/batch | loss 0.106 | acc 96.07 |
| epoch 15 |  1200/ 1719 batches |    8.1 ms/batch | loss 0.115 | acc 95.79 |
| epoch 15 |  1400/ 1719 batches |    8.5 ms/batch | loss 0.111 | acc 96.02 |
| epoch 15 |  1600/ 1719 batches |    8.4 ms/batch | loss 0.113 | acc 95.98 |
--------------------------------------------------------------------------------------------
| end of epoch 15 |   14.9s | train loss 0.103 | train acc 96.30 | valid loss 0.297 | valid acc 91.78 |
--------------------------------------------------------------------------------------------
| epoch 16 |   200/ 1719 batches |    8.0 ms/batch | loss 0.076 | acc 97.16 |
| epoch 16 |   400/ 1719 batches |    8.0 ms/batch | loss 0.087 | acc 96.83 |
| epoch 16 |   600/ 1719 batches |    8.5 ms/batch | loss 0.086 | acc 96.88 |
| epoch 16 |   800/ 1719 batches |    8.1 ms/batch | loss 0.097 | acc 96.46 |
| epoch 16 |  1000/ 1719 batches |    8.1 ms/batch | loss 0.105 | acc 96.08 |
| epoch 16 |  1200/ 1719 batches |    8.4 ms/batch | loss 0.105 | acc 96.16 |
| epoch 16 |  1400/ 1719 batches |   11.4 ms/batch | loss 0.102 | acc 95.95 |
| epoch 16 |  1600/ 1719 batches |   11.4 ms/batch | loss 0.107 | acc 96.00 |
--------------------------------------------------------------------------------------------
| end of epoch 16 |   16.0s | train loss 0.097 | train acc 96.37 | valid loss 0.290 | valid acc 92.24 |
--------------------------------------------------------------------------------------------
| epoch 17 |   200/ 1719 batches |    8.5 ms/batch | loss 0.070 | acc 97.51 |
| epoch 17 |   400/ 1719 batches |    9.1 ms/batch | loss 0.078 | acc 97.10 |
| epoch 17 |   600/ 1719 batches |   10.9 ms/batch | loss 0.080 | acc 97.05 |
| epoch 17 |   800/ 1719 batches |   10.6 ms/batch | loss 0.093 | acc 96.67 |
| epoch 17 |  1000/ 1719 batches |    8.6 ms/batch | loss 0.098 | acc 96.44 |
| epoch 17 |  1200/ 1719 batches |    8.4 ms/batch | loss 0.095 | acc 96.62 |
| epoch 17 |  1400/ 1719 batches |    8.1 ms/batch | loss 0.096 | acc 96.54 |
| epoch 17 |  1600/ 1719 batches |    8.6 ms/batch | loss 0.109 | acc 96.18 |
--------------------------------------------------------------------------------------------
| end of epoch 17 |   16.0s | train loss 0.091 | train acc 96.73 | valid loss 0.293 | valid acc 91.86 |
--------------------------------------------------------------------------------------------
| epoch 18 |   200/ 1719 batches |    8.7 ms/batch | loss 0.062 | acc 97.73 |
| epoch 18 |   400/ 1719 batches |    9.1 ms/batch | loss 0.068 | acc 97.58 |
| epoch 18 |   600/ 1719 batches |    8.5 ms/batch | loss 0.080 | acc 97.02 |
| epoch 18 |   800/ 1719 batches |   15.9 ms/batch | loss 0.082 | acc 97.11 |
| epoch 18 |  1000/ 1719 batches |   16.3 ms/batch | loss 0.091 | acc 96.73 |
| epoch 18 |  1200/ 1719 batches |   15.5 ms/batch | loss 0.096 | acc 96.43 |
| epoch 18 |  1400/ 1719 batches |   15.5 ms/batch | loss 0.093 | acc 96.49 |
| epoch 18 |  1600/ 1719 batches |   15.4 ms/batch | loss 0.091 | acc 96.58 |
--------------------------------------------------------------------------------------------
| end of epoch 18 |   23.1s | train loss 0.084 | train acc 96.92 | valid loss 0.304 | valid acc 92.24 |
--------------------------------------------------------------------------------------------
| epoch 19 |   200/ 1719 batches |   15.6 ms/batch | loss 0.062 | acc 97.66 |
| epoch 19 |   400/ 1719 batches |   15.9 ms/batch | loss 0.071 | acc 97.51 |
| epoch 19 |   600/ 1719 batches |   15.6 ms/batch | loss 0.073 | acc 97.40 |
| epoch 19 |   800/ 1719 batches |   15.8 ms/batch | loss 0.080 | acc 97.12 |
| epoch 19 |  1000/ 1719 batches |   15.7 ms/batch | loss 0.082 | acc 96.88 |
| epoch 19 |  1200/ 1719 batches |   15.9 ms/batch | loss 0.090 | acc 96.74 |
| epoch 19 |  1400/ 1719 batches |   15.5 ms/batch | loss 0.086 | acc 97.02 |
| epoch 19 |  1600/ 1719 batches |   10.2 ms/batch | loss 0.089 | acc 96.71 |
--------------------------------------------------------------------------------------------
| end of epoch 19 |   26.0s | train loss 0.080 | train acc 97.08 | valid loss 0.302 | valid acc 91.93 |
--------------------------------------------------------------------------------------------
| epoch 20 |   200/ 1719 batches |   15.8 ms/batch | loss 0.059 | acc 97.84 |
| epoch 20 |   400/ 1719 batches |   16.0 ms/batch | loss 0.062 | acc 97.84 |
| epoch 20 |   600/ 1719 batches |   10.0 ms/batch | loss 0.066 | acc 97.55 |
| epoch 20 |   800/ 1719 batches |    9.1 ms/batch | loss 0.069 | acc 97.50 |
| epoch 20 |  1000/ 1719 batches |   15.7 ms/batch | loss 0.077 | acc 97.03 |
| epoch 20 |  1200/ 1719 batches |   16.0 ms/batch | loss 0.087 | acc 96.70 |
| epoch 20 |  1400/ 1719 batches |   15.4 ms/batch | loss 0.082 | acc 97.10 |
| epoch 20 |  1600/ 1719 batches |   15.7 ms/batch | loss 0.091 | acc 96.73 |
--------------------------------------------------------------------------------------------
| end of epoch 20 |   25.0s | train loss 0.075 | train acc 97.25 | valid loss 0.319 | valid acc 91.93 |
--------------------------------------------------------------------------------------------
| epoch 21 |   200/ 1719 batches |   15.8 ms/batch | loss 0.055 | acc 97.97 |
| epoch 21 |   400/ 1719 batches |   11.4 ms/batch | loss 0.057 | acc 97.90 |
| epoch 21 |   600/ 1719 batches |    7.9 ms/batch | loss 0.066 | acc 97.59 |
| epoch 21 |   800/ 1719 batches |    7.8 ms/batch | loss 0.070 | acc 97.37 |
| epoch 21 |  1000/ 1719 batches |    7.9 ms/batch | loss 0.072 | acc 97.26 |
| epoch 21 |  1200/ 1719 batches |    7.8 ms/batch | loss 0.078 | acc 97.11 |
| epoch 21 |  1400/ 1719 batches |    7.8 ms/batch | loss 0.081 | acc 97.02 |
| epoch 21 |  1600/ 1719 batches |    8.0 ms/batch | loss 0.087 | acc 96.90 |
--------------------------------------------------------------------------------------------
| end of epoch 21 |   16.1s | train loss 0.073 | train acc 97.32 | valid loss 0.290 | valid acc 92.15 |
--------------------------------------------------------------------------------------------
| epoch 22 |   200/ 1719 batches |    7.7 ms/batch | loss 0.055 | acc 98.11 |
| epoch 22 |   400/ 1719 batches |    8.0 ms/batch | loss 0.059 | acc 97.91 |
| epoch 22 |   600/ 1719 batches |    7.9 ms/batch | loss 0.060 | acc 97.90 |
| epoch 22 |   800/ 1719 batches |    8.0 ms/batch | loss 0.065 | acc 97.78 |
| epoch 22 |  1000/ 1719 batches |    8.3 ms/batch | loss 0.073 | acc 97.42 |
| epoch 22 |  1200/ 1719 batches |    9.9 ms/batch | loss 0.078 | acc 97.26 |
| epoch 22 |  1400/ 1719 batches |   10.2 ms/batch | loss 0.074 | acc 97.37 |
| epoch 22 |  1600/ 1719 batches |    8.1 ms/batch | loss 0.084 | acc 97.06 |
--------------------------------------------------------------------------------------------
| end of epoch 22 |   14.9s | train loss 0.069 | train acc 97.55 | valid loss 0.326 | valid acc 92.21 |
--------------------------------------------------------------------------------------------
| epoch 23 |   200/ 1719 batches |    7.9 ms/batch | loss 0.054 | acc 98.11 |
| epoch 23 |   400/ 1719 batches |    7.9 ms/batch | loss 0.057 | acc 97.88 |
| epoch 23 |   600/ 1719 batches |    9.5 ms/batch | loss 0.059 | acc 98.02 |
| epoch 23 |   800/ 1719 batches |    8.8 ms/batch | loss 0.064 | acc 97.67 |
| epoch 23 |  1000/ 1719 batches |    8.1 ms/batch | loss 0.063 | acc 97.61 |
| epoch 23 |  1200/ 1719 batches |    8.0 ms/batch | loss 0.071 | acc 97.34 |
| epoch 23 |  1400/ 1719 batches |    8.8 ms/batch | loss 0.070 | acc 97.39 |
| epoch 23 |  1600/ 1719 batches |    9.7 ms/batch | loss 0.078 | acc 97.16 |
--------------------------------------------------------------------------------------------
| end of epoch 23 |   14.9s | train loss 0.065 | train acc 97.62 | valid loss 0.330 | valid acc 92.11 |
--------------------------------------------------------------------------------------------
| epoch 24 |   200/ 1719 batches |    9.8 ms/batch | loss 0.049 | acc 98.32 |
| epoch 24 |   400/ 1719 batches |   15.6 ms/batch | loss 0.052 | acc 98.17 |
| epoch 24 |   600/ 1719 batches |    7.6 ms/batch | loss 0.056 | acc 97.97 |
| epoch 24 |   800/ 1719 batches |   14.6 ms/batch | loss 0.058 | acc 97.91 |
| epoch 24 |  1000/ 1719 batches |   15.8 ms/batch | loss 0.065 | acc 97.63 |
| epoch 24 |  1200/ 1719 batches |   15.6 ms/batch | loss 0.068 | acc 97.46 |
| epoch 24 |  1400/ 1719 batches |   15.8 ms/batch | loss 0.070 | acc 97.38 |
| epoch 24 |  1600/ 1719 batches |   15.7 ms/batch | loss 0.076 | acc 97.38 |
--------------------------------------------------------------------------------------------
| end of epoch 24 |   24.2s | train loss 0.063 | train acc 97.73 | valid loss 0.345 | valid acc 92.24 |
--------------------------------------------------------------------------------------------
| epoch 25 |   200/ 1719 batches |   15.6 ms/batch | loss 0.043 | acc 98.45 |
| epoch 25 |   400/ 1719 batches |   15.9 ms/batch | loss 0.048 | acc 98.40 |
| epoch 25 |   600/ 1719 batches |   15.8 ms/batch | loss 0.051 | acc 98.18 |
| epoch 25 |   800/ 1719 batches |   15.5 ms/batch | loss 0.064 | acc 97.77 |
| epoch 25 |  1000/ 1719 batches |   13.9 ms/batch | loss 0.063 | acc 97.82 |
| epoch 25 |  1200/ 1719 batches |   15.7 ms/batch | loss 0.066 | acc 97.55 |
| epoch 25 |  1400/ 1719 batches |   15.9 ms/batch | loss 0.071 | acc 97.43 |
| epoch 25 |  1600/ 1719 batches |   16.1 ms/batch | loss 0.076 | acc 97.27 |
--------------------------------------------------------------------------------------------
| end of epoch 25 |   27.0s | train loss 0.061 | train acc 97.82 | valid loss 0.362 | valid acc 92.02 |
--------------------------------------------------------------------------------------------
| epoch 26 |   200/ 1719 batches |   15.3 ms/batch | loss 0.048 | acc 98.27 |
| epoch 26 |   400/ 1719 batches |   15.9 ms/batch | loss 0.048 | acc 98.21 |
| epoch 26 |   600/ 1719 batches |   12.1 ms/batch | loss 0.046 | acc 98.27 |
| epoch 26 |   800/ 1719 batches |   15.9 ms/batch | loss 0.053 | acc 98.09 |
| epoch 26 |  1000/ 1719 batches |   16.0 ms/batch | loss 0.063 | acc 97.75 |
| epoch 26 |  1200/ 1719 batches |   16.1 ms/batch | loss 0.064 | acc 97.70 |
| epoch 26 |  1400/ 1719 batches |   15.7 ms/batch | loss 0.068 | acc 97.62 |
| epoch 26 |  1600/ 1719 batches |   15.8 ms/batch | loss 0.076 | acc 97.24 |
--------------------------------------------------------------------------------------------
| end of epoch 26 |   26.7s | train loss 0.059 | train acc 97.85 | valid loss 0.354 | valid acc 91.91 |
--------------------------------------------------------------------------------------------
| epoch 27 |   200/ 1719 batches |   16.5 ms/batch | loss 0.046 | acc 98.33 |
| epoch 27 |   400/ 1719 batches |   16.2 ms/batch | loss 0.046 | acc 98.41 |
| epoch 27 |   600/ 1719 batches |   16.3 ms/batch | loss 0.052 | acc 98.21 |
| epoch 27 |   800/ 1719 batches |   17.9 ms/batch | loss 0.057 | acc 97.95 |
| epoch 27 |  1000/ 1719 batches |   16.6 ms/batch | loss 0.064 | acc 97.67 |
| epoch 27 |  1200/ 1719 batches |   16.1 ms/batch | loss 0.061 | acc 97.77 |
| epoch 27 |  1400/ 1719 batches |   15.9 ms/batch | loss 0.063 | acc 97.75 |
| epoch 27 |  1600/ 1719 batches |   16.2 ms/batch | loss 0.069 | acc 97.65 |
--------------------------------------------------------------------------------------------
| end of epoch 27 |   28.5s | train loss 0.058 | train acc 97.93 | valid loss 0.346 | valid acc 91.52 |
--------------------------------------------------------------------------------------------
| epoch 28 |   200/ 1719 batches |   16.0 ms/batch | loss 0.043 | acc 98.44 |
| epoch 28 |   400/ 1719 batches |   16.1 ms/batch | loss 0.042 | acc 98.54 |
| epoch 28 |   600/ 1719 batches |   16.0 ms/batch | loss 0.050 | acc 98.20 |
| epoch 28 |   800/ 1719 batches |   16.1 ms/batch | loss 0.051 | acc 98.31 |
| epoch 28 |  1000/ 1719 batches |   16.3 ms/batch | loss 0.059 | acc 97.84 |
| epoch 28 |  1200/ 1719 batches |   12.7 ms/batch | loss 0.058 | acc 97.76 |
| epoch 28 |  1400/ 1719 batches |   16.3 ms/batch | loss 0.065 | acc 97.70 |
| epoch 28 |  1600/ 1719 batches |   16.4 ms/batch | loss 0.066 | acc 97.59 |
--------------------------------------------------------------------------------------------
| end of epoch 28 |   26.8s | train loss 0.056 | train acc 98.00 | valid loss 0.346 | valid acc 91.96 |
--------------------------------------------------------------------------------------------
| epoch 29 |   200/ 1719 batches |   13.8 ms/batch | loss 0.040 | acc 98.64 |
| epoch 29 |   400/ 1719 batches |   13.3 ms/batch | loss 0.043 | acc 98.35 |
| epoch 29 |   600/ 1719 batches |    7.8 ms/batch | loss 0.047 | acc 98.31 |
| epoch 29 |   800/ 1719 batches |    7.9 ms/batch | loss 0.051 | acc 98.21 |
| epoch 29 |  1000/ 1719 batches |    7.8 ms/batch | loss 0.050 | acc 98.19 |
| epoch 29 |  1200/ 1719 batches |    7.9 ms/batch | loss 0.061 | acc 97.86 |
| epoch 29 |  1400/ 1719 batches |    8.0 ms/batch | loss 0.064 | acc 97.59 |
| epoch 29 |  1600/ 1719 batches |    8.2 ms/batch | loss 0.060 | acc 97.80 |
--------------------------------------------------------------------------------------------
| end of epoch 29 |   16.3s | train loss 0.053 | train acc 98.09 | valid loss 0.385 | valid acc 91.94 |
--------------------------------------------------------------------------------------------
| epoch 30 |   200/ 1719 batches |    7.8 ms/batch | loss 0.039 | acc 98.58 |
| epoch 30 |   400/ 1719 batches |    8.1 ms/batch | loss 0.041 | acc 98.69 |
| epoch 30 |   600/ 1719 batches |    8.0 ms/batch | loss 0.042 | acc 98.53 |
| epoch 30 |   800/ 1719 batches |    8.1 ms/batch | loss 0.048 | acc 98.29 |
| epoch 30 |  1000/ 1719 batches |    8.1 ms/batch | loss 0.055 | acc 98.26 |
| epoch 30 |  1200/ 1719 batches |    7.9 ms/batch | loss 0.057 | acc 97.94 |
| epoch 30 |  1400/ 1719 batches |    7.9 ms/batch | loss 0.061 | acc 97.91 |
| epoch 30 |  1600/ 1719 batches |    7.9 ms/batch | loss 0.068 | acc 97.67 |
--------------------------------------------------------------------------------------------
| end of epoch 30 |   14.0s | train loss 0.052 | train acc 98.19 | valid loss 0.351 | valid acc 92.08 |
--------------------------------------------------------------------------------------------
| epoch 31 |   200/ 1719 batches |    8.5 ms/batch | loss 0.038 | acc 98.64 |
| epoch 31 |   400/ 1719 batches |    8.8 ms/batch | loss 0.039 | acc 98.55 |
| epoch 31 |   600/ 1719 batches |    9.0 ms/batch | loss 0.046 | acc 98.38 |
| epoch 31 |   800/ 1719 batches |    9.9 ms/batch | loss 0.048 | acc 98.28 |
| epoch 31 |  1000/ 1719 batches |   10.2 ms/batch | loss 0.054 | acc 98.05 |
| epoch 31 |  1200/ 1719 batches |   10.4 ms/batch | loss 0.060 | acc 97.92 |
| epoch 31 |  1400/ 1719 batches |   10.3 ms/batch | loss 0.060 | acc 97.84 |
| epoch 31 |  1600/ 1719 batches |   10.3 ms/batch | loss 0.058 | acc 98.00 |
--------------------------------------------------------------------------------------------
| end of epoch 31 |   17.0s | train loss 0.052 | train acc 98.16 | valid loss 0.341 | valid acc 91.89 |
--------------------------------------------------------------------------------------------
| epoch 32 |   200/ 1719 batches |    7.7 ms/batch | loss 0.036 | acc 98.73 |
| epoch 32 |   400/ 1719 batches |    8.0 ms/batch | loss 0.039 | acc 98.59 |
| epoch 32 |   600/ 1719 batches |   10.4 ms/batch | loss 0.045 | acc 98.40 |
| epoch 32 |   800/ 1719 batches |    8.1 ms/batch | loss 0.046 | acc 98.34 |
| epoch 32 |  1000/ 1719 batches |    7.7 ms/batch | loss 0.054 | acc 98.12 |
| epoch 32 |  1200/ 1719 batches |    7.3 ms/batch | loss 0.055 | acc 98.17 |
| epoch 32 |  1400/ 1719 batches |    8.1 ms/batch | loss 0.053 | acc 98.12 |
| epoch 32 |  1600/ 1719 batches |    8.2 ms/batch | loss 0.059 | acc 97.90 |
--------------------------------------------------------------------------------------------
| end of epoch 32 |   14.4s | train loss 0.049 | train acc 98.29 | valid loss 0.387 | valid acc 92.12 |
--------------------------------------------------------------------------------------------
| epoch 33 |   200/ 1719 batches |    7.9 ms/batch | loss 0.035 | acc 98.82 |
| epoch 33 |   400/ 1719 batches |    7.7 ms/batch | loss 0.038 | acc 98.70 |
| epoch 33 |   600/ 1719 batches |    8.3 ms/batch | loss 0.044 | acc 98.36 |
| epoch 33 |   800/ 1719 batches |    8.1 ms/batch | loss 0.053 | acc 98.16 |
| epoch 33 |  1000/ 1719 batches |    8.1 ms/batch | loss 0.054 | acc 98.19 |
| epoch 33 |  1200/ 1719 batches |    8.3 ms/batch | loss 0.057 | acc 97.96 |
| epoch 33 |  1400/ 1719 batches |    8.1 ms/batch | loss 0.053 | acc 98.14 |
| epoch 33 |  1600/ 1719 batches |    8.5 ms/batch | loss 0.061 | acc 97.84 |
--------------------------------------------------------------------------------------------
| end of epoch 33 |   14.3s | train loss 0.051 | train acc 98.22 | valid loss 0.366 | valid acc 92.01 |
--------------------------------------------------------------------------------------------
| epoch 34 |   200/ 1719 batches |    7.5 ms/batch | loss 0.036 | acc 98.75 |
| epoch 34 |   400/ 1719 batches |    7.6 ms/batch | loss 0.043 | acc 98.62 |
| epoch 34 |   600/ 1719 batches |    7.7 ms/batch | loss 0.044 | acc 98.39 |
| epoch 34 |   800/ 1719 batches |    7.8 ms/batch | loss 0.045 | acc 98.43 |
| epoch 34 |  1000/ 1719 batches |    7.9 ms/batch | loss 0.051 | acc 98.07 |
| epoch 34 |  1200/ 1719 batches |    7.9 ms/batch | loss 0.053 | acc 98.13 |
| epoch 34 |  1400/ 1719 batches |    8.9 ms/batch | loss 0.064 | acc 97.68 |
| epoch 34 |  1600/ 1719 batches |    8.5 ms/batch | loss 0.057 | acc 97.88 |
--------------------------------------------------------------------------------------------
| end of epoch 34 |   14.1s | train loss 0.050 | train acc 98.20 | valid loss 0.364 | valid acc 92.32 |
--------------------------------------------------------------------------------------------
| epoch 35 |   200/ 1719 batches |    9.0 ms/batch | loss 0.035 | acc 98.93 |
| epoch 35 |   400/ 1719 batches |    8.3 ms/batch | loss 0.037 | acc 98.73 |
| epoch 35 |   600/ 1719 batches |    7.9 ms/batch | loss 0.043 | acc 98.51 |
| epoch 35 |   800/ 1719 batches |    7.8 ms/batch | loss 0.044 | acc 98.41 |
| epoch 35 |  1000/ 1719 batches |    7.8 ms/batch | loss 0.053 | acc 98.19 |
| epoch 35 |  1200/ 1719 batches |    7.9 ms/batch | loss 0.050 | acc 98.15 |
| epoch 35 |  1400/ 1719 batches |    8.1 ms/batch | loss 0.060 | acc 97.82 |
| epoch 35 |  1600/ 1719 batches |    8.3 ms/batch | loss 0.057 | acc 98.05 |
--------------------------------------------------------------------------------------------
| end of epoch 35 |   14.2s | train loss 0.049 | train acc 98.30 | valid loss 0.357 | valid acc 92.24 |
--------------------------------------------------------------------------------------------
| epoch 36 |   200/ 1719 batches |    9.9 ms/batch | loss 0.033 | acc 98.89 |
| epoch 36 |   400/ 1719 batches |   10.4 ms/batch | loss 0.034 | acc 98.77 |
| epoch 36 |   600/ 1719 batches |   10.3 ms/batch | loss 0.037 | acc 98.62 |
| epoch 36 |   800/ 1719 batches |   10.4 ms/batch | loss 0.039 | acc 98.66 |
| epoch 36 |  1000/ 1719 batches |   10.3 ms/batch | loss 0.050 | acc 98.16 |
| epoch 36 |  1200/ 1719 batches |   10.4 ms/batch | loss 0.047 | acc 98.35 |
| epoch 36 |  1400/ 1719 batches |   10.4 ms/batch | loss 0.057 | acc 97.96 |
| epoch 36 |  1600/ 1719 batches |   10.5 ms/batch | loss 0.057 | acc 97.98 |
--------------------------------------------------------------------------------------------
| end of epoch 36 |   18.1s | train loss 0.045 | train acc 98.37 | valid loss 0.374 | valid acc 91.95 |
--------------------------------------------------------------------------------------------
| epoch 37 |   200/ 1719 batches |    8.4 ms/batch | loss 0.034 | acc 98.94 |
| epoch 37 |   400/ 1719 batches |    8.4 ms/batch | loss 0.035 | acc 98.75 |
| epoch 37 |   600/ 1719 batches |    8.7 ms/batch | loss 0.037 | acc 98.70 |
| epoch 37 |   800/ 1719 batches |   10.7 ms/batch | loss 0.047 | acc 98.38 |
| epoch 37 |  1000/ 1719 batches |   10.2 ms/batch | loss 0.045 | acc 98.41 |
| epoch 37 |  1200/ 1719 batches |    8.8 ms/batch | loss 0.052 | acc 98.15 |
| epoch 37 |  1400/ 1719 batches |    8.3 ms/batch | loss 0.057 | acc 98.02 |
| epoch 37 |  1600/ 1719 batches |    8.4 ms/batch | loss 0.058 | acc 97.94 |
--------------------------------------------------------------------------------------------
| end of epoch 37 |   15.6s | train loss 0.047 | train acc 98.37 | valid loss 0.377 | valid acc 92.17 |
--------------------------------------------------------------------------------------------
| epoch 38 |   200/ 1719 batches |    8.1 ms/batch | loss 0.029 | acc 99.03 |
| epoch 38 |   400/ 1719 batches |    7.8 ms/batch | loss 0.036 | acc 98.76 |
| epoch 38 |   600/ 1719 batches |    8.7 ms/batch | loss 0.039 | acc 98.71 |
| epoch 38 |   800/ 1719 batches |    9.1 ms/batch | loss 0.046 | acc 98.41 |
| epoch 38 |  1000/ 1719 batches |   10.5 ms/batch | loss 0.047 | acc 98.41 |
| epoch 38 |  1200/ 1719 batches |   10.6 ms/batch | loss 0.051 | acc 98.26 |
| epoch 38 |  1400/ 1719 batches |   10.5 ms/batch | loss 0.060 | acc 98.05 |
| epoch 38 |  1600/ 1719 batches |   10.8 ms/batch | loss 0.057 | acc 97.94 |
--------------------------------------------------------------------------------------------
| end of epoch 38 |   16.8s | train loss 0.047 | train acc 98.41 | valid loss 0.370 | valid acc 92.16 |
--------------------------------------------------------------------------------------------
| epoch 39 |   200/ 1719 batches |    9.4 ms/batch | loss 0.031 | acc 98.87 |
| epoch 39 |   400/ 1719 batches |    8.0 ms/batch | loss 0.035 | acc 98.74 |
| epoch 39 |   600/ 1719 batches |    8.5 ms/batch | loss 0.041 | acc 98.60 |
| epoch 39 |   800/ 1719 batches |    7.9 ms/batch | loss 0.044 | acc 98.48 |
| epoch 39 |  1000/ 1719 batches |    8.4 ms/batch | loss 0.048 | acc 98.46 |
| epoch 39 |  1200/ 1719 batches |    7.9 ms/batch | loss 0.046 | acc 98.22 |
| epoch 39 |  1400/ 1719 batches |    7.7 ms/batch | loss 0.055 | acc 97.98 |
| epoch 39 |  1600/ 1719 batches |    7.3 ms/batch | loss 0.055 | acc 98.01 |
--------------------------------------------------------------------------------------------
| end of epoch 39 |   14.2s | train loss 0.046 | train acc 98.37 | valid loss 0.378 | valid acc 92.24 |
--------------------------------------------------------------------------------------------
| epoch 40 |   200/ 1719 batches |    7.8 ms/batch | loss 0.028 | acc 98.92 |
| epoch 40 |   400/ 1719 batches |    8.3 ms/batch | loss 0.037 | acc 98.70 |
| epoch 40 |   600/ 1719 batches |    8.3 ms/batch | loss 0.039 | acc 98.65 |
| epoch 40 |   800/ 1719 batches |    8.2 ms/batch | loss 0.045 | acc 98.52 |
| epoch 40 |  1000/ 1719 batches |    7.8 ms/batch | loss 0.044 | acc 98.41 |
| epoch 40 |  1200/ 1719 batches |    7.7 ms/batch | loss 0.048 | acc 98.16 |
| epoch 40 |  1400/ 1719 batches |    7.7 ms/batch | loss 0.055 | acc 98.05 |
| epoch 40 |  1600/ 1719 batches |    7.7 ms/batch | loss 0.055 | acc 98.04 |
--------------------------------------------------------------------------------------------
| end of epoch 40 |   13.9s | train loss 0.045 | train acc 98.39 | valid loss 0.386 | valid acc 92.23 |
--------------------------------------------------------------------------------------------
| epoch 41 |   200/ 1719 batches |    7.8 ms/batch | loss 0.031 | acc 98.98 |
| epoch 41 |   400/ 1719 batches |    7.9 ms/batch | loss 0.033 | acc 98.80 |
| epoch 41 |   600/ 1719 batches |    7.8 ms/batch | loss 0.034 | acc 98.88 |
| epoch 41 |   800/ 1719 batches |    7.7 ms/batch | loss 0.045 | acc 98.40 |
| epoch 41 |  1000/ 1719 batches |    7.7 ms/batch | loss 0.044 | acc 98.54 |
| epoch 41 |  1200/ 1719 batches |    7.9 ms/batch | loss 0.051 | acc 98.18 |
| epoch 41 |  1400/ 1719 batches |    8.1 ms/batch | loss 0.052 | acc 98.27 |
| epoch 41 |  1600/ 1719 batches |    7.5 ms/batch | loss 0.056 | acc 97.86 |
--------------------------------------------------------------------------------------------
| end of epoch 41 |   13.6s | train loss 0.045 | train acc 98.45 | valid loss 0.377 | valid acc 91.97 |
--------------------------------------------------------------------------------------------
| epoch 42 |   200/ 1719 batches |    7.9 ms/batch | loss 0.031 | acc 98.99 |
| epoch 42 |   400/ 1719 batches |    8.1 ms/batch | loss 0.035 | acc 98.84 |
| epoch 42 |   600/ 1719 batches |    8.1 ms/batch | loss 0.033 | acc 98.87 |
| epoch 42 |   800/ 1719 batches |    8.1 ms/batch | loss 0.040 | acc 98.70 |
| epoch 42 |  1000/ 1719 batches |    8.2 ms/batch | loss 0.048 | acc 98.32 |
| epoch 42 |  1200/ 1719 batches |    7.9 ms/batch | loss 0.044 | acc 98.51 |
| epoch 42 |  1400/ 1719 batches |    7.9 ms/batch | loss 0.053 | acc 98.20 |
| epoch 42 |  1600/ 1719 batches |    8.0 ms/batch | loss 0.058 | acc 97.99 |
--------------------------------------------------------------------------------------------
| end of epoch 42 |   14.1s | train loss 0.045 | train acc 98.50 | valid loss 0.366 | valid acc 92.06 |
--------------------------------------------------------------------------------------------
| epoch 43 |   200/ 1719 batches |    7.9 ms/batch | loss 0.031 | acc 98.91 |
| epoch 43 |   400/ 1719 batches |    7.9 ms/batch | loss 0.030 | acc 99.00 |
| epoch 43 |   600/ 1719 batches |    7.9 ms/batch | loss 0.040 | acc 98.62 |
| epoch 43 |   800/ 1719 batches |    8.4 ms/batch | loss 0.039 | acc 98.71 |
| epoch 43 |  1000/ 1719 batches |    8.1 ms/batch | loss 0.043 | acc 98.50 |
| epoch 43 |  1200/ 1719 batches |    8.0 ms/batch | loss 0.047 | acc 98.34 |
| epoch 43 |  1400/ 1719 batches |    7.9 ms/batch | loss 0.049 | acc 98.27 |
| epoch 43 |  1600/ 1719 batches |    8.0 ms/batch | loss 0.049 | acc 98.17 |
--------------------------------------------------------------------------------------------
| end of epoch 43 |   14.0s | train loss 0.042 | train acc 98.53 | valid loss 0.399 | valid acc 91.71 |
--------------------------------------------------------------------------------------------
| epoch 44 |   200/ 1719 batches |    8.3 ms/batch | loss 0.032 | acc 98.91 |
| epoch 44 |   400/ 1719 batches |    8.1 ms/batch | loss 0.029 | acc 99.03 |
| epoch 44 |   600/ 1719 batches |   11.4 ms/batch | loss 0.036 | acc 98.68 |
| epoch 44 |   800/ 1719 batches |   11.3 ms/batch | loss 0.040 | acc 98.58 |
| epoch 44 |  1000/ 1719 batches |   11.5 ms/batch | loss 0.048 | acc 98.36 |
| epoch 44 |  1200/ 1719 batches |   10.1 ms/batch | loss 0.049 | acc 98.32 |
| epoch 44 |  1400/ 1719 batches |    8.2 ms/batch | loss 0.055 | acc 98.08 |
| epoch 44 |  1600/ 1719 batches |    8.3 ms/batch | loss 0.058 | acc 98.02 |
--------------------------------------------------------------------------------------------
| end of epoch 44 |   16.7s | train loss 0.044 | train acc 98.47 | valid loss 0.372 | valid acc 92.10 |
--------------------------------------------------------------------------------------------
| epoch 45 |   200/ 1719 batches |    7.9 ms/batch | loss 0.030 | acc 99.05 |
| epoch 45 |   400/ 1719 batches |    8.1 ms/batch | loss 0.032 | acc 98.81 |
| epoch 45 |   600/ 1719 batches |    7.9 ms/batch | loss 0.041 | acc 98.61 |
| epoch 45 |   800/ 1719 batches |    8.0 ms/batch | loss 0.037 | acc 98.74 |
| epoch 45 |  1000/ 1719 batches |    8.2 ms/batch | loss 0.048 | acc 98.23 |
| epoch 45 |  1200/ 1719 batches |    7.9 ms/batch | loss 0.046 | acc 98.24 |
| epoch 45 |  1400/ 1719 batches |    8.3 ms/batch | loss 0.055 | acc 98.01 |
| epoch 45 |  1600/ 1719 batches |    8.2 ms/batch | loss 0.060 | acc 97.90 |
--------------------------------------------------------------------------------------------
| end of epoch 45 |   14.1s | train loss 0.045 | train acc 98.42 | valid loss 0.359 | valid acc 91.95 |
--------------------------------------------------------------------------------------------
| epoch 46 |   200/ 1719 batches |    7.8 ms/batch | loss 0.033 | acc 98.80 |
| epoch 46 |   400/ 1719 batches |    8.0 ms/batch | loss 0.036 | acc 98.80 |
| epoch 46 |   600/ 1719 batches |    7.8 ms/batch | loss 0.034 | acc 98.84 |
| epoch 46 |   800/ 1719 batches |    7.9 ms/batch | loss 0.042 | acc 98.63 |
| epoch 46 |  1000/ 1719 batches |    8.1 ms/batch | loss 0.039 | acc 98.77 |
| epoch 46 |  1200/ 1719 batches |    8.2 ms/batch | loss 0.049 | acc 98.23 |
| epoch 46 |  1400/ 1719 batches |    7.9 ms/batch | loss 0.045 | acc 98.37 |
| epoch 46 |  1600/ 1719 batches |    8.1 ms/batch | loss 0.051 | acc 98.23 |
--------------------------------------------------------------------------------------------
| end of epoch 46 |   14.0s | train loss 0.042 | train acc 98.56 | valid loss 0.423 | valid acc 91.86 |
--------------------------------------------------------------------------------------------
| epoch 47 |   200/ 1719 batches |    7.8 ms/batch | loss 0.034 | acc 98.77 |
| epoch 47 |   400/ 1719 batches |    7.7 ms/batch | loss 0.030 | acc 98.99 |
| epoch 47 |   600/ 1719 batches |    7.9 ms/batch | loss 0.038 | acc 98.69 |
| epoch 47 |   800/ 1719 batches |    7.9 ms/batch | loss 0.039 | acc 98.63 |
| epoch 47 |  1000/ 1719 batches |    8.0 ms/batch | loss 0.040 | acc 98.66 |
| epoch 47 |  1200/ 1719 batches |    8.0 ms/batch | loss 0.043 | acc 98.48 |
| epoch 47 |  1400/ 1719 batches |    8.0 ms/batch | loss 0.049 | acc 98.42 |
| epoch 47 |  1600/ 1719 batches |    7.8 ms/batch | loss 0.055 | acc 98.11 |
--------------------------------------------------------------------------------------------
| end of epoch 47 |   13.9s | train loss 0.042 | train acc 98.54 | valid loss 0.365 | valid acc 91.93 |
--------------------------------------------------------------------------------------------
| epoch 48 |   200/ 1719 batches |    7.9 ms/batch | loss 0.030 | acc 99.08 |
| epoch 48 |   400/ 1719 batches |    9.1 ms/batch | loss 0.032 | acc 98.91 |
| epoch 48 |   600/ 1719 batches |   11.4 ms/batch | loss 0.033 | acc 98.80 |
| epoch 48 |   800/ 1719 batches |   11.2 ms/batch | loss 0.038 | acc 98.58 |
| epoch 48 |  1000/ 1719 batches |   11.2 ms/batch | loss 0.038 | acc 98.70 |
| epoch 48 |  1200/ 1719 batches |    9.3 ms/batch | loss 0.048 | acc 98.34 |
| epoch 48 |  1400/ 1719 batches |    8.1 ms/batch | loss 0.054 | acc 98.05 |
| epoch 48 |  1600/ 1719 batches |    8.0 ms/batch | loss 0.056 | acc 98.02 |
--------------------------------------------------------------------------------------------
| end of epoch 48 |   16.5s | train loss 0.042 | train acc 98.54 | valid loss 0.390 | valid acc 91.76 |
--------------------------------------------------------------------------------------------
| epoch 49 |   200/ 1719 batches |    8.2 ms/batch | loss 0.027 | acc 99.10 |
| epoch 49 |   400/ 1719 batches |    9.0 ms/batch | loss 0.038 | acc 98.65 |
| epoch 49 |   600/ 1719 batches |   10.1 ms/batch | loss 0.035 | acc 98.77 |
| epoch 49 |   800/ 1719 batches |    9.0 ms/batch | loss 0.039 | acc 98.66 |
| epoch 49 |  1000/ 1719 batches |    7.9 ms/batch | loss 0.045 | acc 98.40 |
| epoch 49 |  1200/ 1719 batches |    7.7 ms/batch | loss 0.048 | acc 98.45 |
| epoch 49 |  1400/ 1719 batches |    7.8 ms/batch | loss 0.044 | acc 98.52 |
| epoch 49 |  1600/ 1719 batches |    8.1 ms/batch | loss 0.049 | acc 98.34 |
--------------------------------------------------------------------------------------------
| end of epoch 49 |   14.8s | train loss 0.041 | train acc 98.58 | valid loss 0.381 | valid acc 91.93 |
--------------------------------------------------------------------------------------------
| epoch 50 |   200/ 1719 batches |   10.3 ms/batch | loss 0.030 | acc 98.96 |
| epoch 50 |   400/ 1719 batches |   11.4 ms/batch | loss 0.032 | acc 98.88 |
| epoch 50 |   600/ 1719 batches |   10.7 ms/batch | loss 0.038 | acc 98.66 |
| epoch 50 |   800/ 1719 batches |   10.5 ms/batch | loss 0.042 | acc 98.55 |
| epoch 50 |  1000/ 1719 batches |   10.5 ms/batch | loss 0.044 | acc 98.57 |
| epoch 50 |  1200/ 1719 batches |   10.6 ms/batch | loss 0.047 | acc 98.40 |
| epoch 50 |  1400/ 1719 batches |   10.6 ms/batch | loss 0.047 | acc 98.42 |
| epoch 50 |  1600/ 1719 batches |   10.2 ms/batch | loss 0.057 | acc 98.05 |
--------------------------------------------------------------------------------------------
| end of epoch 50 |   18.3s | train loss 0.043 | train acc 98.54 | valid loss 0.386 | valid acc 91.86 |
--------------------------------------------------------------------------------------------
| epoch 51 |   200/ 1719 batches |    7.9 ms/batch | loss 0.030 | acc 98.97 |
| epoch 51 |   400/ 1719 batches |    7.9 ms/batch | loss 0.034 | acc 98.79 |
| epoch 51 |   600/ 1719 batches |    7.9 ms/batch | loss 0.034 | acc 98.94 |
| epoch 51 |   800/ 1719 batches |    8.1 ms/batch | loss 0.040 | acc 98.68 |
| epoch 51 |  1000/ 1719 batches |    8.4 ms/batch | loss 0.038 | acc 98.73 |
| epoch 51 |  1200/ 1719 batches |    8.2 ms/batch | loss 0.055 | acc 98.14 |
| epoch 51 |  1400/ 1719 batches |    8.3 ms/batch | loss 0.043 | acc 98.50 |
| epoch 51 |  1600/ 1719 batches |    8.2 ms/batch | loss 0.050 | acc 98.30 |
--------------------------------------------------------------------------------------------
| end of epoch 51 |   14.3s | train loss 0.042 | train acc 98.59 | valid loss 0.363 | valid acc 91.76 |
--------------------------------------------------------------------------------------------
| epoch 52 |   200/ 1719 batches |    8.3 ms/batch | loss 0.028 | acc 99.04 |
| epoch 52 |   400/ 1719 batches |    8.2 ms/batch | loss 0.029 | acc 98.98 |
| epoch 52 |   600/ 1719 batches |    8.0 ms/batch | loss 0.037 | acc 98.78 |
| epoch 52 |   800/ 1719 batches |    8.0 ms/batch | loss 0.038 | acc 98.66 |
| epoch 52 |  1000/ 1719 batches |    8.0 ms/batch | loss 0.038 | acc 98.66 |
| epoch 52 |  1200/ 1719 batches |    7.8 ms/batch | loss 0.045 | acc 98.46 |
| epoch 52 |  1400/ 1719 batches |    8.0 ms/batch | loss 0.052 | acc 98.27 |
| epoch 52 |  1600/ 1719 batches |    8.1 ms/batch | loss 0.051 | acc 98.19 |
--------------------------------------------------------------------------------------------
| end of epoch 52 |   14.2s | train loss 0.041 | train acc 98.59 | valid loss 0.365 | valid acc 92.12 |
--------------------------------------------------------------------------------------------
| epoch 53 |   200/ 1719 batches |    8.0 ms/batch | loss 0.027 | acc 99.18 |
| epoch 53 |   400/ 1719 batches |    8.4 ms/batch | loss 0.034 | acc 98.90 |
| epoch 53 |   600/ 1719 batches |   15.9 ms/batch | loss 0.031 | acc 98.81 |
| epoch 53 |   800/ 1719 batches |   17.0 ms/batch | loss 0.041 | acc 98.70 |
| epoch 53 |  1000/ 1719 batches |   17.3 ms/batch | loss 0.040 | acc 98.58 |
| epoch 53 |  1200/ 1719 batches |    9.9 ms/batch | loss 0.049 | acc 98.32 |
| epoch 53 |  1400/ 1719 batches |    7.9 ms/batch | loss 0.047 | acc 98.38 |
| epoch 53 |  1600/ 1719 batches |    7.8 ms/batch | loss 0.050 | acc 98.17 |
--------------------------------------------------------------------------------------------
| end of epoch 53 |   19.6s | train loss 0.041 | train acc 98.60 | valid loss 0.402 | valid acc 92.09 |
--------------------------------------------------------------------------------------------
| epoch 54 |   200/ 1719 batches |    7.8 ms/batch | loss 0.028 | acc 99.05 |
| epoch 54 |   400/ 1719 batches |    8.0 ms/batch | loss 0.026 | acc 99.09 |
| epoch 54 |   600/ 1719 batches |    7.8 ms/batch | loss 0.034 | acc 98.82 |
| epoch 54 |   800/ 1719 batches |    8.1 ms/batch | loss 0.042 | acc 98.52 |
| epoch 54 |  1000/ 1719 batches |    8.4 ms/batch | loss 0.045 | acc 98.36 |
| epoch 54 |  1200/ 1719 batches |    8.2 ms/batch | loss 0.038 | acc 98.80 |
| epoch 54 |  1400/ 1719 batches |    8.2 ms/batch | loss 0.048 | acc 98.35 |
| epoch 54 |  1600/ 1719 batches |    8.3 ms/batch | loss 0.045 | acc 98.40 |
--------------------------------------------------------------------------------------------
| end of epoch 54 |   14.2s | train loss 0.040 | train acc 98.62 | valid loss 0.369 | valid acc 92.20 |
--------------------------------------------------------------------------------------------
| epoch 55 |   200/ 1719 batches |    7.9 ms/batch | loss 0.025 | acc 99.20 |
| epoch 55 |   400/ 1719 batches |    7.8 ms/batch | loss 0.032 | acc 98.92 |
| epoch 55 |   600/ 1719 batches |    7.5 ms/batch | loss 0.035 | acc 98.90 |
| epoch 55 |   800/ 1719 batches |    8.2 ms/batch | loss 0.037 | acc 98.70 |
| epoch 55 |  1000/ 1719 batches |    7.9 ms/batch | loss 0.041 | acc 98.68 |
| epoch 55 |  1200/ 1719 batches |    7.9 ms/batch | loss 0.039 | acc 98.64 |
| epoch 55 |  1400/ 1719 batches |    8.3 ms/batch | loss 0.053 | acc 98.26 |
| epoch 55 |  1600/ 1719 batches |    8.4 ms/batch | loss 0.053 | acc 98.19 |
--------------------------------------------------------------------------------------------
| end of epoch 55 |   14.1s | train loss 0.040 | train acc 98.66 | valid loss 0.388 | valid acc 92.11 |
--------------------------------------------------------------------------------------------
| epoch 56 |   200/ 1719 batches |    8.2 ms/batch | loss 0.031 | acc 98.97 |
| epoch 56 |   400/ 1719 batches |    8.1 ms/batch | loss 0.029 | acc 99.08 |
| epoch 56 |   600/ 1719 batches |    8.9 ms/batch | loss 0.034 | acc 98.79 |
| epoch 56 |   800/ 1719 batches |    8.3 ms/batch | loss 0.036 | acc 98.80 |
| epoch 56 |  1000/ 1719 batches |    8.6 ms/batch | loss 0.041 | acc 98.55 |
| epoch 56 |  1200/ 1719 batches |    8.7 ms/batch | loss 0.034 | acc 98.78 |
| epoch 56 |  1400/ 1719 batches |    8.2 ms/batch | loss 0.047 | acc 98.47 |
| epoch 56 |  1600/ 1719 batches |    8.2 ms/batch | loss 0.049 | acc 98.23 |
--------------------------------------------------------------------------------------------
| end of epoch 56 |   14.7s | train loss 0.039 | train acc 98.67 | valid loss 0.391 | valid acc 91.96 |
--------------------------------------------------------------------------------------------
| epoch 57 |   200/ 1719 batches |    8.3 ms/batch | loss 0.027 | acc 99.10 |
| epoch 57 |   400/ 1719 batches |    8.0 ms/batch | loss 0.033 | acc 98.95 |
| epoch 57 |   600/ 1719 batches |    8.5 ms/batch | loss 0.029 | acc 98.91 |
| epoch 57 |   800/ 1719 batches |    9.1 ms/batch | loss 0.039 | acc 98.66 |
| epoch 57 |  1000/ 1719 batches |    8.4 ms/batch | loss 0.042 | acc 98.56 |
| epoch 57 |  1200/ 1719 batches |    8.6 ms/batch | loss 0.046 | acc 98.48 |
| epoch 57 |  1400/ 1719 batches |   11.2 ms/batch | loss 0.051 | acc 98.19 |
| epoch 57 |  1600/ 1719 batches |   11.4 ms/batch | loss 0.053 | acc 98.30 |
--------------------------------------------------------------------------------------------
| end of epoch 57 |   16.4s | train loss 0.041 | train acc 98.62 | valid loss 0.374 | valid acc 92.02 |
--------------------------------------------------------------------------------------------
| epoch 58 |   200/ 1719 batches |    7.9 ms/batch | loss 0.031 | acc 99.06 |
| epoch 58 |   400/ 1719 batches |    7.9 ms/batch | loss 0.030 | acc 99.03 |
| epoch 58 |   600/ 1719 batches |   14.1 ms/batch | loss 0.032 | acc 98.81 |
| epoch 58 |   800/ 1719 batches |    8.6 ms/batch | loss 0.037 | acc 98.75 |
| epoch 58 |  1000/ 1719 batches |    8.2 ms/batch | loss 0.038 | acc 98.61 |
| epoch 58 |  1200/ 1719 batches |    8.5 ms/batch | loss 0.040 | acc 98.71 |
| epoch 58 |  1400/ 1719 batches |   10.9 ms/batch | loss 0.052 | acc 98.34 |
| epoch 58 |  1600/ 1719 batches |   15.3 ms/batch | loss 0.054 | acc 98.26 |
--------------------------------------------------------------------------------------------
| end of epoch 58 |   18.5s | train loss 0.040 | train acc 98.65 | valid loss 0.349 | valid acc 92.40 |
--------------------------------------------------------------------------------------------
| epoch 59 |   200/ 1719 batches |    9.5 ms/batch | loss 0.024 | acc 99.16 |
| epoch 59 |   400/ 1719 batches |   12.2 ms/batch | loss 0.026 | acc 99.03 |
| epoch 59 |   600/ 1719 batches |   16.7 ms/batch | loss 0.036 | acc 98.73 |
| epoch 59 |   800/ 1719 batches |   16.5 ms/batch | loss 0.038 | acc 98.67 |
| epoch 59 |  1000/ 1719 batches |   16.4 ms/batch | loss 0.036 | acc 98.70 |
| epoch 59 |  1200/ 1719 batches |   15.4 ms/batch | loss 0.042 | acc 98.52 |
| epoch 59 |  1400/ 1719 batches |   17.5 ms/batch | loss 0.046 | acc 98.38 |
| epoch 59 |  1600/ 1719 batches |   17.2 ms/batch | loss 0.050 | acc 98.35 |
--------------------------------------------------------------------------------------------
| end of epoch 59 |   26.7s | train loss 0.039 | train acc 98.65 | valid loss 0.356 | valid acc 92.08 |
--------------------------------------------------------------------------------------------
| epoch 60 |   200/ 1719 batches |   17.2 ms/batch | loss 0.028 | acc 99.18 |
| epoch 60 |   400/ 1719 batches |   17.6 ms/batch | loss 0.028 | acc 99.03 |
| epoch 60 |   600/ 1719 batches |   17.4 ms/batch | loss 0.037 | acc 98.70 |
| epoch 60 |   800/ 1719 batches |   16.6 ms/batch | loss 0.039 | acc 98.79 |
| epoch 60 |  1000/ 1719 batches |   15.8 ms/batch | loss 0.042 | acc 98.62 |
| epoch 60 |  1200/ 1719 batches |   16.3 ms/batch | loss 0.046 | acc 98.43 |
| epoch 60 |  1400/ 1719 batches |   16.1 ms/batch | loss 0.047 | acc 98.50 |
| epoch 60 |  1600/ 1719 batches |   16.2 ms/batch | loss 0.046 | acc 98.41 |
--------------------------------------------------------------------------------------------
| end of epoch 60 |   28.8s | train loss 0.039 | train acc 98.70 | valid loss 0.434 | valid acc 91.85 |
--------------------------------------------------------------------------------------------
| epoch 61 |   200/ 1719 batches |   17.2 ms/batch | loss 0.025 | acc 99.11 |
| epoch 61 |   400/ 1719 batches |   16.8 ms/batch | loss 0.028 | acc 98.97 |
| epoch 61 |   600/ 1719 batches |   15.7 ms/batch | loss 0.031 | acc 98.91 |
| epoch 61 |   800/ 1719 batches |   15.2 ms/batch | loss 0.038 | acc 98.74 |
| epoch 61 |  1000/ 1719 batches |    9.3 ms/batch | loss 0.036 | acc 98.72 |
| epoch 61 |  1200/ 1719 batches |    8.2 ms/batch | loss 0.043 | acc 98.49 |
| epoch 61 |  1400/ 1719 batches |    8.5 ms/batch | loss 0.043 | acc 98.55 |
| epoch 61 |  1600/ 1719 batches |    9.1 ms/batch | loss 0.054 | acc 98.22 |
--------------------------------------------------------------------------------------------
| end of epoch 61 |   22.1s | train loss 0.038 | train acc 98.67 | valid loss 0.393 | valid acc 91.88 |
--------------------------------------------------------------------------------------------
| epoch 62 |   200/ 1719 batches |   15.5 ms/batch | loss 0.031 | acc 99.05 |
| epoch 62 |   400/ 1719 batches |   15.6 ms/batch | loss 0.031 | acc 98.91 |
| epoch 62 |   600/ 1719 batches |   15.7 ms/batch | loss 0.031 | acc 98.89 |
| epoch 62 |   800/ 1719 batches |   15.1 ms/batch | loss 0.038 | acc 98.70 |
| epoch 62 |  1000/ 1719 batches |    8.1 ms/batch | loss 0.044 | acc 98.55 |
| epoch 62 |  1200/ 1719 batches |    7.6 ms/batch | loss 0.042 | acc 98.62 |
| epoch 62 |  1400/ 1719 batches |    7.8 ms/batch | loss 0.047 | acc 98.42 |
| epoch 62 |  1600/ 1719 batches |    7.9 ms/batch | loss 0.050 | acc 98.31 |
--------------------------------------------------------------------------------------------
| end of epoch 62 |   19.9s | train loss 0.040 | train acc 98.65 | valid loss 0.391 | valid acc 91.90 |
--------------------------------------------------------------------------------------------
| epoch 63 |   200/ 1719 batches |    7.6 ms/batch | loss 0.028 | acc 99.13 |
| epoch 63 |   400/ 1719 batches |    7.8 ms/batch | loss 0.026 | acc 99.14 |
| epoch 63 |   600/ 1719 batches |    8.2 ms/batch | loss 0.033 | acc 98.82 |
| epoch 63 |   800/ 1719 batches |    8.5 ms/batch | loss 0.033 | acc 98.91 |
| epoch 63 |  1000/ 1719 batches |    8.4 ms/batch | loss 0.041 | acc 98.60 |
| epoch 63 |  1200/ 1719 batches |    9.6 ms/batch | loss 0.041 | acc 98.60 |
| epoch 63 |  1400/ 1719 batches |   10.8 ms/batch | loss 0.046 | acc 98.38 |
| epoch 63 |  1600/ 1719 batches |   10.9 ms/batch | loss 0.050 | acc 98.30 |
--------------------------------------------------------------------------------------------
| end of epoch 63 |   15.9s | train loss 0.038 | train acc 98.70 | valid loss 0.377 | valid acc 92.19 |
--------------------------------------------------------------------------------------------
| epoch 64 |   200/ 1719 batches |    9.1 ms/batch | loss 0.026 | acc 99.06 |
| epoch 64 |   400/ 1719 batches |    9.5 ms/batch | loss 0.026 | acc 99.12 |
| epoch 64 |   600/ 1719 batches |   11.7 ms/batch | loss 0.035 | acc 98.87 |
| epoch 64 |   800/ 1719 batches |   10.3 ms/batch | loss 0.035 | acc 98.90 |
| epoch 64 |  1000/ 1719 batches |   10.5 ms/batch | loss 0.041 | acc 98.73 |
| epoch 64 |  1200/ 1719 batches |   10.6 ms/batch | loss 0.041 | acc 98.61 |
| epoch 64 |  1400/ 1719 batches |   10.3 ms/batch | loss 0.047 | acc 98.36 |
| epoch 64 |  1600/ 1719 batches |   10.2 ms/batch | loss 0.051 | acc 98.16 |
--------------------------------------------------------------------------------------------
| end of epoch 64 |   18.0s | train loss 0.039 | train acc 98.69 | valid loss 0.356 | valid acc 92.19 |
--------------------------------------------------------------------------------------------
| epoch 65 |   200/ 1719 batches |   13.5 ms/batch | loss 0.025 | acc 99.17 |
| epoch 65 |   400/ 1719 batches |   15.6 ms/batch | loss 0.030 | acc 98.95 |
| epoch 65 |   600/ 1719 batches |   15.6 ms/batch | loss 0.035 | acc 98.84 |
| epoch 65 |   800/ 1719 batches |   12.4 ms/batch | loss 0.037 | acc 98.75 |
| epoch 65 |  1000/ 1719 batches |    7.6 ms/batch | loss 0.042 | acc 98.52 |
| epoch 65 |  1200/ 1719 batches |    8.2 ms/batch | loss 0.040 | acc 98.59 |
| epoch 65 |  1400/ 1719 batches |    7.9 ms/batch | loss 0.044 | acc 98.41 |
| epoch 65 |  1600/ 1719 batches |   10.3 ms/batch | loss 0.044 | acc 98.49 |
--------------------------------------------------------------------------------------------
| end of epoch 65 |   20.4s | train loss 0.038 | train acc 98.68 | valid loss 0.380 | valid acc 92.14 |
--------------------------------------------------------------------------------------------
| epoch 66 |   200/ 1719 batches |    9.9 ms/batch | loss 0.025 | acc 99.13 |
| epoch 66 |   400/ 1719 batches |    8.1 ms/batch | loss 0.028 | acc 99.08 |
| epoch 66 |   600/ 1719 batches |    8.5 ms/batch | loss 0.033 | acc 98.80 |
| epoch 66 |   800/ 1719 batches |    8.3 ms/batch | loss 0.037 | acc 98.75 |
| epoch 66 |  1000/ 1719 batches |   10.2 ms/batch | loss 0.042 | acc 98.55 |
| epoch 66 |  1200/ 1719 batches |    9.4 ms/batch | loss 0.039 | acc 98.69 |
| epoch 66 |  1400/ 1719 batches |    9.6 ms/batch | loss 0.044 | acc 98.42 |
| epoch 66 |  1600/ 1719 batches |    8.3 ms/batch | loss 0.049 | acc 98.31 |
--------------------------------------------------------------------------------------------
| end of epoch 66 |   15.8s | train loss 0.038 | train acc 98.69 | valid loss 0.393 | valid acc 91.97 |
--------------------------------------------------------------------------------------------
| epoch 67 |   200/ 1719 batches |    9.2 ms/batch | loss 0.025 | acc 99.20 |
| epoch 67 |   400/ 1719 batches |    9.4 ms/batch | loss 0.028 | acc 98.93 |
| epoch 67 |   600/ 1719 batches |    8.8 ms/batch | loss 0.029 | acc 99.00 |
| epoch 67 |   800/ 1719 batches |    7.7 ms/batch | loss 0.037 | acc 98.73 |
| epoch 67 |  1000/ 1719 batches |    8.8 ms/batch | loss 0.040 | acc 98.59 |
| epoch 67 |  1200/ 1719 batches |    7.9 ms/batch | loss 0.044 | acc 98.57 |
| epoch 67 |  1400/ 1719 batches |    8.1 ms/batch | loss 0.048 | acc 98.34 |
| epoch 67 |  1600/ 1719 batches |    8.1 ms/batch | loss 0.045 | acc 98.53 |
--------------------------------------------------------------------------------------------
| end of epoch 67 |   14.8s | train loss 0.038 | train acc 98.71 | valid loss 0.403 | valid acc 92.22 |
--------------------------------------------------------------------------------------------
| epoch 68 |   200/ 1719 batches |   10.6 ms/batch | loss 0.024 | acc 99.27 |
| epoch 68 |   400/ 1719 batches |   11.0 ms/batch | loss 0.032 | acc 98.98 |
| epoch 68 |   600/ 1719 batches |   10.7 ms/batch | loss 0.035 | acc 98.77 |
| epoch 68 |   800/ 1719 batches |   11.1 ms/batch | loss 0.034 | acc 98.81 |
| epoch 68 |  1000/ 1719 batches |   11.0 ms/batch | loss 0.035 | acc 98.74 |
| epoch 68 |  1200/ 1719 batches |   11.0 ms/batch | loss 0.039 | acc 98.72 |
| epoch 68 |  1400/ 1719 batches |   11.1 ms/batch | loss 0.051 | acc 98.28 |
| epoch 68 |  1600/ 1719 batches |    9.5 ms/batch | loss 0.047 | acc 98.34 |
--------------------------------------------------------------------------------------------
| end of epoch 68 |   18.5s | train loss 0.038 | train acc 98.72 | valid loss 0.376 | valid acc 92.21 |
--------------------------------------------------------------------------------------------
| epoch 69 |   200/ 1719 batches |    8.1 ms/batch | loss 0.026 | acc 99.16 |
| epoch 69 |   400/ 1719 batches |    8.3 ms/batch | loss 0.027 | acc 99.10 |
| epoch 69 |   600/ 1719 batches |    8.7 ms/batch | loss 0.032 | acc 98.75 |
| epoch 69 |   800/ 1719 batches |    8.9 ms/batch | loss 0.037 | acc 98.70 |
| epoch 69 |  1000/ 1719 batches |   10.4 ms/batch | loss 0.036 | acc 98.72 |
| epoch 69 |  1200/ 1719 batches |   10.4 ms/batch | loss 0.036 | acc 98.70 |
| epoch 69 |  1400/ 1719 batches |   10.5 ms/batch | loss 0.041 | acc 98.65 |
| epoch 69 |  1600/ 1719 batches |   10.4 ms/batch | loss 0.050 | acc 98.28 |
--------------------------------------------------------------------------------------------
| end of epoch 69 |   16.7s | train loss 0.037 | train acc 98.72 | valid loss 0.388 | valid acc 92.23 |
--------------------------------------------------------------------------------------------
| epoch 70 |   200/ 1719 batches |    7.9 ms/batch | loss 0.025 | acc 99.14 |
| epoch 70 |   400/ 1719 batches |    8.3 ms/batch | loss 0.032 | acc 98.95 |
| epoch 70 |   600/ 1719 batches |    8.5 ms/batch | loss 0.032 | acc 99.00 |
| epoch 70 |   800/ 1719 batches |    8.6 ms/batch | loss 0.030 | acc 98.88 |
| epoch 70 |  1000/ 1719 batches |   10.0 ms/batch | loss 0.036 | acc 98.74 |
| epoch 70 |  1200/ 1719 batches |    9.2 ms/batch | loss 0.039 | acc 98.55 |
| epoch 70 |  1400/ 1719 batches |    8.0 ms/batch | loss 0.040 | acc 98.49 |
| epoch 70 |  1600/ 1719 batches |    7.9 ms/batch | loss 0.050 | acc 98.31 |
--------------------------------------------------------------------------------------------
| end of epoch 70 |   14.9s | train loss 0.036 | train acc 98.74 | valid loss 0.382 | valid acc 92.02 |
--------------------------------------------------------------------------------------------
| epoch 71 |   200/ 1719 batches |    8.0 ms/batch | loss 0.027 | acc 99.12 |
| epoch 71 |   400/ 1719 batches |    8.5 ms/batch | loss 0.032 | acc 98.93 |
| epoch 71 |   600/ 1719 batches |    8.0 ms/batch | loss 0.032 | acc 98.86 |
| epoch 71 |   800/ 1719 batches |    7.8 ms/batch | loss 0.035 | acc 98.82 |
| epoch 71 |  1000/ 1719 batches |    7.7 ms/batch | loss 0.038 | acc 98.66 |
| epoch 71 |  1200/ 1719 batches |    7.7 ms/batch | loss 0.042 | acc 98.55 |
| epoch 71 |  1400/ 1719 batches |    8.0 ms/batch | loss 0.042 | acc 98.55 |
| epoch 71 |  1600/ 1719 batches |    8.0 ms/batch | loss 0.048 | acc 98.50 |
--------------------------------------------------------------------------------------------
| end of epoch 71 |   14.0s | train loss 0.038 | train acc 98.73 | valid loss 0.388 | valid acc 92.26 |
--------------------------------------------------------------------------------------------
| epoch 72 |   200/ 1719 batches |    7.8 ms/batch | loss 0.025 | acc 99.13 |
| epoch 72 |   400/ 1719 batches |    7.9 ms/batch | loss 0.031 | acc 98.88 |
| epoch 72 |   600/ 1719 batches |    7.8 ms/batch | loss 0.036 | acc 98.75 |
| epoch 72 |   800/ 1719 batches |    8.1 ms/batch | loss 0.037 | acc 98.77 |
| epoch 72 |  1000/ 1719 batches |    8.3 ms/batch | loss 0.038 | acc 98.80 |
| epoch 72 |  1200/ 1719 batches |    8.0 ms/batch | loss 0.045 | acc 98.38 |
| epoch 72 |  1400/ 1719 batches |    9.7 ms/batch | loss 0.044 | acc 98.51 |
| epoch 72 |  1600/ 1719 batches |   10.4 ms/batch | loss 0.044 | acc 98.41 |
--------------------------------------------------------------------------------------------
| end of epoch 72 |   15.2s | train loss 0.038 | train acc 98.68 | valid loss 0.398 | valid acc 92.30 |
--------------------------------------------------------------------------------------------
| epoch 73 |   200/ 1719 batches |    7.8 ms/batch | loss 0.025 | acc 99.21 |
| epoch 73 |   400/ 1719 batches |    7.7 ms/batch | loss 0.027 | acc 99.07 |
| epoch 73 |   600/ 1719 batches |    9.4 ms/batch | loss 0.030 | acc 98.89 |
| epoch 73 |   800/ 1719 batches |   10.4 ms/batch | loss 0.033 | acc 98.84 |
| epoch 73 |  1000/ 1719 batches |   10.4 ms/batch | loss 0.036 | acc 98.77 |
| epoch 73 |  1200/ 1719 batches |   10.5 ms/batch | loss 0.040 | acc 98.67 |
| epoch 73 |  1400/ 1719 batches |   10.5 ms/batch | loss 0.044 | acc 98.44 |
| epoch 73 |  1600/ 1719 batches |    8.8 ms/batch | loss 0.045 | acc 98.32 |
--------------------------------------------------------------------------------------------
| end of epoch 73 |   16.4s | train loss 0.036 | train acc 98.75 | valid loss 0.380 | valid acc 92.44 |
--------------------------------------------------------------------------------------------
| epoch 74 |   200/ 1719 batches |    9.0 ms/batch | loss 0.023 | acc 99.26 |
| epoch 74 |   400/ 1719 batches |    9.4 ms/batch | loss 0.025 | acc 99.07 |
| epoch 74 |   600/ 1719 batches |    8.8 ms/batch | loss 0.032 | acc 98.94 |
| epoch 74 |   800/ 1719 batches |    8.8 ms/batch | loss 0.035 | acc 98.88 |
| epoch 74 |  1000/ 1719 batches |    8.6 ms/batch | loss 0.033 | acc 98.84 |
| epoch 74 |  1200/ 1719 batches |    8.7 ms/batch | loss 0.047 | acc 98.38 |
| epoch 74 |  1400/ 1719 batches |    9.2 ms/batch | loss 0.043 | acc 98.34 |
| epoch 74 |  1600/ 1719 batches |    9.9 ms/batch | loss 0.051 | acc 98.31 |
--------------------------------------------------------------------------------------------
| end of epoch 74 |   16.0s | train loss 0.038 | train acc 98.70 | valid loss 0.351 | valid acc 92.50 |
--------------------------------------------------------------------------------------------
| epoch 75 |   200/ 1719 batches |    8.0 ms/batch | loss 0.023 | acc 99.38 |
| epoch 75 |   400/ 1719 batches |   10.0 ms/batch | loss 0.029 | acc 99.06 |
| epoch 75 |   600/ 1719 batches |   15.7 ms/batch | loss 0.025 | acc 99.25 |
| epoch 75 |   800/ 1719 batches |   15.6 ms/batch | loss 0.034 | acc 98.71 |
| epoch 75 |  1000/ 1719 batches |   15.6 ms/batch | loss 0.039 | acc 98.67 |
| epoch 75 |  1200/ 1719 batches |   12.6 ms/batch | loss 0.048 | acc 98.54 |
| epoch 75 |  1400/ 1719 batches |    7.8 ms/batch | loss 0.042 | acc 98.54 |
| epoch 75 |  1600/ 1719 batches |   12.9 ms/batch | loss 0.048 | acc 98.41 |
--------------------------------------------------------------------------------------------
| end of epoch 75 |   22.0s | train loss 0.037 | train acc 98.77 | valid loss 0.357 | valid acc 92.53 |
--------------------------------------------------------------------------------------------
| epoch 76 |   200/ 1719 batches |   16.1 ms/batch | loss 0.028 | acc 99.09 |
| epoch 76 |   400/ 1719 batches |    8.8 ms/batch | loss 0.029 | acc 99.02 |
| epoch 76 |   600/ 1719 batches |   12.9 ms/batch | loss 0.028 | acc 99.06 |
| epoch 76 |   800/ 1719 batches |   15.7 ms/batch | loss 0.033 | acc 98.83 |
| epoch 76 |  1000/ 1719 batches |   15.8 ms/batch | loss 0.035 | acc 98.77 |
| epoch 76 |  1200/ 1719 batches |   17.3 ms/batch | loss 0.040 | acc 98.73 |
| epoch 76 |  1400/ 1719 batches |   17.1 ms/batch | loss 0.041 | acc 98.59 |
| epoch 76 |  1600/ 1719 batches |   16.0 ms/batch | loss 0.045 | acc 98.47 |
--------------------------------------------------------------------------------------------
| end of epoch 76 |   26.2s | train loss 0.036 | train acc 98.78 | valid loss 0.383 | valid acc 92.56 |
--------------------------------------------------------------------------------------------
| epoch 77 |   200/ 1719 batches |   15.8 ms/batch | loss 0.024 | acc 99.24 |
| epoch 77 |   400/ 1719 batches |   15.7 ms/batch | loss 0.027 | acc 99.06 |
| epoch 77 |   600/ 1719 batches |   15.6 ms/batch | loss 0.028 | acc 99.11 |
| epoch 77 |   800/ 1719 batches |   15.5 ms/batch | loss 0.036 | acc 98.75 |
| epoch 77 |  1000/ 1719 batches |   14.4 ms/batch | loss 0.039 | acc 98.72 |
| epoch 77 |  1200/ 1719 batches |   15.7 ms/batch | loss 0.040 | acc 98.63 |
| epoch 77 |  1400/ 1719 batches |   15.6 ms/batch | loss 0.042 | acc 98.48 |
| epoch 77 |  1600/ 1719 batches |   15.6 ms/batch | loss 0.049 | acc 98.33 |
--------------------------------------------------------------------------------------------
| end of epoch 77 |   26.9s | train loss 0.036 | train acc 98.76 | valid loss 0.399 | valid acc 92.23 |
--------------------------------------------------------------------------------------------
| epoch 78 |   200/ 1719 batches |   15.6 ms/batch | loss 0.027 | acc 99.12 |
| epoch 78 |   400/ 1719 batches |   15.7 ms/batch | loss 0.032 | acc 98.97 |
| epoch 78 |   600/ 1719 batches |   16.8 ms/batch | loss 0.034 | acc 98.82 |
| epoch 78 |   800/ 1719 batches |   16.8 ms/batch | loss 0.037 | acc 98.78 |
| epoch 78 |  1000/ 1719 batches |   16.6 ms/batch | loss 0.035 | acc 98.91 |
| epoch 78 |  1200/ 1719 batches |   17.1 ms/batch | loss 0.038 | acc 98.70 |
| epoch 78 |  1400/ 1719 batches |   16.9 ms/batch | loss 0.039 | acc 98.63 |
| epoch 78 |  1600/ 1719 batches |   17.1 ms/batch | loss 0.046 | acc 98.44 |
--------------------------------------------------------------------------------------------
| end of epoch 78 |   28.8s | train loss 0.038 | train acc 98.74 | valid loss 0.354 | valid acc 92.16 |
--------------------------------------------------------------------------------------------
| epoch 79 |   200/ 1719 batches |   17.0 ms/batch | loss 0.023 | acc 99.23 |
| epoch 79 |   400/ 1719 batches |   17.5 ms/batch | loss 0.026 | acc 99.07 |
| epoch 79 |   600/ 1719 batches |   17.6 ms/batch | loss 0.035 | acc 98.78 |
| epoch 79 |   800/ 1719 batches |   17.6 ms/batch | loss 0.034 | acc 98.76 |
| epoch 79 |  1000/ 1719 batches |   13.2 ms/batch | loss 0.036 | acc 98.77 |
| epoch 79 |  1200/ 1719 batches |   10.6 ms/batch | loss 0.039 | acc 98.68 |
| epoch 79 |  1400/ 1719 batches |   10.7 ms/batch | loss 0.043 | acc 98.59 |
| epoch 79 |  1600/ 1719 batches |   10.6 ms/batch | loss 0.045 | acc 98.52 |
--------------------------------------------------------------------------------------------
| end of epoch 79 |   24.5s | train loss 0.036 | train acc 98.77 | valid loss 0.378 | valid acc 92.13 |
--------------------------------------------------------------------------------------------
| epoch 80 |   200/ 1719 batches |    8.1 ms/batch | loss 0.026 | acc 99.14 |
| epoch 80 |   400/ 1719 batches |    8.3 ms/batch | loss 0.029 | acc 99.12 |
| epoch 80 |   600/ 1719 batches |   10.4 ms/batch | loss 0.034 | acc 98.96 |
| epoch 80 |   800/ 1719 batches |   10.6 ms/batch | loss 0.037 | acc 98.84 |
| epoch 80 |  1000/ 1719 batches |    7.9 ms/batch | loss 0.035 | acc 98.77 |
| epoch 80 |  1200/ 1719 batches |    9.7 ms/batch | loss 0.039 | acc 98.62 |
| epoch 80 |  1400/ 1719 batches |   10.6 ms/batch | loss 0.040 | acc 98.59 |
| epoch 80 |  1600/ 1719 batches |    9.8 ms/batch | loss 0.044 | acc 98.37 |
--------------------------------------------------------------------------------------------
| end of epoch 80 |   16.6s | train loss 0.036 | train acc 98.77 | valid loss 0.393 | valid acc 91.97 |
--------------------------------------------------------------------------------------------
| epoch 81 |   200/ 1719 batches |    8.3 ms/batch | loss 0.022 | acc 99.23 |
| epoch 81 |   400/ 1719 batches |    8.1 ms/batch | loss 0.028 | acc 98.97 |
| epoch 81 |   600/ 1719 batches |    7.9 ms/batch | loss 0.031 | acc 99.04 |
| epoch 81 |   800/ 1719 batches |    8.0 ms/batch | loss 0.028 | acc 99.02 |
| epoch 81 |  1000/ 1719 batches |   14.1 ms/batch | loss 0.035 | acc 98.70 |
| epoch 81 |  1200/ 1719 batches |   13.9 ms/batch | loss 0.038 | acc 98.69 |
| epoch 81 |  1400/ 1719 batches |    8.2 ms/batch | loss 0.052 | acc 98.34 |
| epoch 81 |  1600/ 1719 batches |    8.2 ms/batch | loss 0.044 | acc 98.48 |
--------------------------------------------------------------------------------------------
| end of epoch 81 |   16.6s | train loss 0.036 | train acc 98.77 | valid loss 0.385 | valid acc 92.34 |
--------------------------------------------------------------------------------------------
| epoch 82 |   200/ 1719 batches |    8.1 ms/batch | loss 0.024 | acc 99.32 |
| epoch 82 |   400/ 1719 batches |    8.1 ms/batch | loss 0.029 | acc 99.02 |
| epoch 82 |   600/ 1719 batches |    8.2 ms/batch | loss 0.031 | acc 98.97 |
| epoch 82 |   800/ 1719 batches |    8.3 ms/batch | loss 0.037 | acc 98.77 |
| epoch 82 |  1000/ 1719 batches |    8.0 ms/batch | loss 0.033 | acc 98.78 |
| epoch 82 |  1200/ 1719 batches |    8.1 ms/batch | loss 0.040 | acc 98.57 |
| epoch 82 |  1400/ 1719 batches |    7.8 ms/batch | loss 0.050 | acc 98.35 |
| epoch 82 |  1600/ 1719 batches |   11.5 ms/batch | loss 0.041 | acc 98.44 |
--------------------------------------------------------------------------------------------
| end of epoch 82 |   14.9s | train loss 0.037 | train acc 98.75 | valid loss 0.398 | valid acc 92.29 |
--------------------------------------------------------------------------------------------
| epoch 83 |   200/ 1719 batches |    7.8 ms/batch | loss 0.027 | acc 99.04 |
| epoch 83 |   400/ 1719 batches |    9.8 ms/batch | loss 0.029 | acc 99.09 |
| epoch 83 |   600/ 1719 batches |   15.5 ms/batch | loss 0.032 | acc 98.89 |
| epoch 83 |   800/ 1719 batches |   14.2 ms/batch | loss 0.037 | acc 98.80 |
| epoch 83 |  1000/ 1719 batches |    8.0 ms/batch | loss 0.032 | acc 98.84 |
| epoch 83 |  1200/ 1719 batches |    7.8 ms/batch | loss 0.045 | acc 98.50 |
| epoch 83 |  1400/ 1719 batches |    7.8 ms/batch | loss 0.042 | acc 98.58 |
| epoch 83 |  1600/ 1719 batches |    8.0 ms/batch | loss 0.045 | acc 98.38 |
--------------------------------------------------------------------------------------------
| end of epoch 83 |   17.0s | train loss 0.037 | train acc 98.75 | valid loss 0.397 | valid acc 92.20 |
--------------------------------------------------------------------------------------------
| epoch 84 |   200/ 1719 batches |    7.8 ms/batch | loss 0.024 | acc 99.17 |
| epoch 84 |   400/ 1719 batches |    7.9 ms/batch | loss 0.029 | acc 98.95 |
| epoch 84 |   600/ 1719 batches |    7.8 ms/batch | loss 0.032 | acc 98.90 |
| epoch 84 |   800/ 1719 batches |    7.7 ms/batch | loss 0.034 | acc 98.72 |
| epoch 84 |  1000/ 1719 batches |    7.9 ms/batch | loss 0.030 | acc 99.03 |
| epoch 84 |  1200/ 1719 batches |    8.1 ms/batch | loss 0.040 | acc 98.70 |
| epoch 84 |  1400/ 1719 batches |    8.2 ms/batch | loss 0.048 | acc 98.47 |
| epoch 84 |  1600/ 1719 batches |    8.2 ms/batch | loss 0.048 | acc 98.32 |
--------------------------------------------------------------------------------------------
| end of epoch 84 |   14.0s | train loss 0.037 | train acc 98.75 | valid loss 0.376 | valid acc 92.38 |
--------------------------------------------------------------------------------------------
| epoch 85 |   200/ 1719 batches |    7.8 ms/batch | loss 0.026 | acc 99.20 |
| epoch 85 |   400/ 1719 batches |    8.0 ms/batch | loss 0.026 | acc 99.09 |
| epoch 85 |   600/ 1719 batches |    8.0 ms/batch | loss 0.033 | acc 98.97 |
| epoch 85 |   800/ 1719 batches |    8.0 ms/batch | loss 0.034 | acc 98.83 |
| epoch 85 |  1000/ 1719 batches |    8.6 ms/batch | loss 0.039 | acc 98.65 |
| epoch 85 |  1200/ 1719 batches |   11.7 ms/batch | loss 0.039 | acc 98.67 |
| epoch 85 |  1400/ 1719 batches |   11.1 ms/batch | loss 0.046 | acc 98.39 |
| epoch 85 |  1600/ 1719 batches |   11.4 ms/batch | loss 0.041 | acc 98.48 |
--------------------------------------------------------------------------------------------
| end of epoch 85 |   16.4s | train loss 0.037 | train acc 98.74 | valid loss 0.368 | valid acc 92.17 |
--------------------------------------------------------------------------------------------
| epoch 86 |   200/ 1719 batches |    8.4 ms/batch | loss 0.028 | acc 99.24 |
| epoch 86 |   400/ 1719 batches |    7.9 ms/batch | loss 0.026 | acc 99.10 |
| epoch 86 |   600/ 1719 batches |    7.8 ms/batch | loss 0.033 | acc 98.92 |
| epoch 86 |   800/ 1719 batches |    7.4 ms/batch | loss 0.031 | acc 99.05 |
| epoch 86 |  1000/ 1719 batches |    7.6 ms/batch | loss 0.036 | acc 98.77 |
| epoch 86 |  1200/ 1719 batches |   11.6 ms/batch | loss 0.042 | acc 98.52 |
| epoch 86 |  1400/ 1719 batches |   11.6 ms/batch | loss 0.039 | acc 98.61 |
| epoch 86 |  1600/ 1719 batches |   11.3 ms/batch | loss 0.046 | acc 98.38 |
--------------------------------------------------------------------------------------------
| end of epoch 86 |   16.4s | train loss 0.036 | train acc 98.78 | valid loss 0.358 | valid acc 92.41 |
--------------------------------------------------------------------------------------------
| epoch 87 |   200/ 1719 batches |   12.8 ms/batch | loss 0.029 | acc 98.99 |
| epoch 87 |   400/ 1719 batches |   15.6 ms/batch | loss 0.031 | acc 99.00 |
| epoch 87 |   600/ 1719 batches |   16.6 ms/batch | loss 0.031 | acc 98.89 |
| epoch 87 |   800/ 1719 batches |   16.2 ms/batch | loss 0.033 | acc 98.87 |
| epoch 87 |  1000/ 1719 batches |   16.5 ms/batch | loss 0.037 | acc 98.74 |
| epoch 87 |  1200/ 1719 batches |   16.7 ms/batch | loss 0.039 | acc 98.70 |
| epoch 87 |  1400/ 1719 batches |   16.8 ms/batch | loss 0.047 | acc 98.48 |
| epoch 87 |  1600/ 1719 batches |   16.0 ms/batch | loss 0.050 | acc 98.26 |
--------------------------------------------------------------------------------------------
| end of epoch 87 |   27.0s | train loss 0.038 | train acc 98.72 | valid loss 0.396 | valid acc 92.20 |
--------------------------------------------------------------------------------------------
| epoch 88 |   200/ 1719 batches |   15.9 ms/batch | loss 0.023 | acc 99.20 |
| epoch 88 |   400/ 1719 batches |   16.0 ms/batch | loss 0.028 | acc 99.00 |
| epoch 88 |   600/ 1719 batches |   16.4 ms/batch | loss 0.029 | acc 98.99 |
| epoch 88 |   800/ 1719 batches |   17.4 ms/batch | loss 0.030 | acc 98.96 |
| epoch 88 |  1000/ 1719 batches |   17.4 ms/batch | loss 0.029 | acc 98.95 |
| epoch 88 |  1200/ 1719 batches |   17.6 ms/batch | loss 0.037 | acc 98.80 |
| epoch 88 |  1400/ 1719 batches |   17.4 ms/batch | loss 0.042 | acc 98.64 |
| epoch 88 |  1600/ 1719 batches |   16.5 ms/batch | loss 0.046 | acc 98.39 |
--------------------------------------------------------------------------------------------
| end of epoch 88 |   29.1s | train loss 0.034 | train acc 98.83 | valid loss 0.350 | valid acc 92.23 |
--------------------------------------------------------------------------------------------
| epoch 89 |   200/ 1719 batches |   15.9 ms/batch | loss 0.023 | acc 99.23 |
| epoch 89 |   400/ 1719 batches |   15.7 ms/batch | loss 0.029 | acc 98.96 |
| epoch 89 |   600/ 1719 batches |   16.8 ms/batch | loss 0.032 | acc 98.98 |
| epoch 89 |   800/ 1719 batches |   14.5 ms/batch | loss 0.031 | acc 99.02 |
| epoch 89 |  1000/ 1719 batches |    8.2 ms/batch | loss 0.038 | acc 98.75 |
| epoch 89 |  1200/ 1719 batches |    8.2 ms/batch | loss 0.042 | acc 98.62 |
| epoch 89 |  1400/ 1719 batches |    9.7 ms/batch | loss 0.042 | acc 98.51 |
| epoch 89 |  1600/ 1719 batches |   16.7 ms/batch | loss 0.041 | acc 98.71 |
--------------------------------------------------------------------------------------------
| end of epoch 89 |   23.5s | train loss 0.036 | train acc 98.81 | valid loss 0.375 | valid acc 92.34 |
--------------------------------------------------------------------------------------------
| epoch 90 |   200/ 1719 batches |   15.4 ms/batch | loss 0.027 | acc 99.16 |
| epoch 90 |   400/ 1719 batches |   15.5 ms/batch | loss 0.029 | acc 99.04 |
| epoch 90 |   600/ 1719 batches |   15.2 ms/batch | loss 0.035 | acc 98.81 |
| epoch 90 |   800/ 1719 batches |   15.4 ms/batch | loss 0.030 | acc 98.88 |
| epoch 90 |  1000/ 1719 batches |   15.3 ms/batch | loss 0.039 | acc 98.58 |
| epoch 90 |  1200/ 1719 batches |   16.7 ms/batch | loss 0.038 | acc 98.70 |
| epoch 90 |  1400/ 1719 batches |   16.0 ms/batch | loss 0.041 | acc 98.74 |
| epoch 90 |  1600/ 1719 batches |   16.1 ms/batch | loss 0.047 | acc 98.38 |
--------------------------------------------------------------------------------------------
| end of epoch 90 |   27.4s | train loss 0.036 | train acc 98.76 | valid loss 0.390 | valid acc 92.42 |
--------------------------------------------------------------------------------------------
| epoch 91 |   200/ 1719 batches |   16.5 ms/batch | loss 0.029 | acc 99.03 |
| epoch 91 |   400/ 1719 batches |   16.6 ms/batch | loss 0.028 | acc 99.06 |
| epoch 91 |   600/ 1719 batches |   10.7 ms/batch | loss 0.027 | acc 99.11 |
| epoch 91 |   800/ 1719 batches |   10.4 ms/batch | loss 0.034 | acc 98.81 |
| epoch 91 |  1000/ 1719 batches |   11.3 ms/batch | loss 0.033 | acc 98.81 |
| epoch 91 |  1200/ 1719 batches |   10.6 ms/batch | loss 0.037 | acc 98.80 |
| epoch 91 |  1400/ 1719 batches |   13.1 ms/batch | loss 0.043 | acc 98.50 |
| epoch 91 |  1600/ 1719 batches |   13.4 ms/batch | loss 0.044 | acc 98.53 |
--------------------------------------------------------------------------------------------
| end of epoch 91 |   22.8s | train loss 0.035 | train acc 98.81 | valid loss 0.382 | valid acc 92.60 |
--------------------------------------------------------------------------------------------
| epoch 92 |   200/ 1719 batches |   16.4 ms/batch | loss 0.025 | acc 99.12 |
| epoch 92 |   400/ 1719 batches |   10.8 ms/batch | loss 0.027 | acc 99.12 |
| epoch 92 |   600/ 1719 batches |   11.0 ms/batch | loss 0.028 | acc 99.05 |
| epoch 92 |   800/ 1719 batches |   11.1 ms/batch | loss 0.031 | acc 98.91 |
| epoch 92 |  1000/ 1719 batches |    9.4 ms/batch | loss 0.035 | acc 98.86 |
| epoch 92 |  1200/ 1719 batches |    9.5 ms/batch | loss 0.040 | acc 98.72 |
| epoch 92 |  1400/ 1719 batches |   11.5 ms/batch | loss 0.040 | acc 98.44 |
| epoch 92 |  1600/ 1719 batches |   11.4 ms/batch | loss 0.046 | acc 98.28 |
--------------------------------------------------------------------------------------------
| end of epoch 92 |   19.6s | train loss 0.035 | train acc 98.79 | valid loss 0.378 | valid acc 92.22 |
--------------------------------------------------------------------------------------------
| epoch 93 |   200/ 1719 batches |    9.4 ms/batch | loss 0.024 | acc 99.22 |
| epoch 93 |   400/ 1719 batches |   10.1 ms/batch | loss 0.029 | acc 99.06 |
| epoch 93 |   600/ 1719 batches |    8.7 ms/batch | loss 0.032 | acc 98.98 |
| epoch 93 |   800/ 1719 batches |    9.9 ms/batch | loss 0.034 | acc 98.68 |
| epoch 93 |  1000/ 1719 batches |   10.5 ms/batch | loss 0.040 | acc 98.73 |
| epoch 93 |  1200/ 1719 batches |   10.2 ms/batch | loss 0.036 | acc 98.78 |
| epoch 93 |  1400/ 1719 batches |    9.2 ms/batch | loss 0.040 | acc 98.70 |
| epoch 93 |  1600/ 1719 batches |   10.2 ms/batch | loss 0.047 | acc 98.44 |
--------------------------------------------------------------------------------------------
| end of epoch 93 |   17.1s | train loss 0.036 | train acc 98.80 | valid loss 0.391 | valid acc 92.37 |
--------------------------------------------------------------------------------------------
| epoch 94 |   200/ 1719 batches |   15.4 ms/batch | loss 0.022 | acc 99.20 |
| epoch 94 |   400/ 1719 batches |   16.7 ms/batch | loss 0.029 | acc 99.07 |
| epoch 94 |   600/ 1719 batches |   16.5 ms/batch | loss 0.028 | acc 99.00 |
| epoch 94 |   800/ 1719 batches |   16.5 ms/batch | loss 0.034 | acc 98.82 |
| epoch 94 |  1000/ 1719 batches |   16.4 ms/batch | loss 0.039 | acc 98.66 |
| epoch 94 |  1200/ 1719 batches |   16.5 ms/batch | loss 0.040 | acc 98.62 |
| epoch 94 |  1400/ 1719 batches |   16.4 ms/batch | loss 0.038 | acc 98.80 |
| epoch 94 |  1600/ 1719 batches |   16.8 ms/batch | loss 0.048 | acc 98.38 |
--------------------------------------------------------------------------------------------
| end of epoch 94 |   28.5s | train loss 0.036 | train acc 98.78 | valid loss 0.355 | valid acc 92.36 |
--------------------------------------------------------------------------------------------
| epoch 95 |   200/ 1719 batches |   15.2 ms/batch | loss 0.025 | acc 99.11 |
| epoch 95 |   400/ 1719 batches |   15.7 ms/batch | loss 0.027 | acc 99.08 |
| epoch 95 |   600/ 1719 batches |   10.4 ms/batch | loss 0.032 | acc 98.96 |
| epoch 95 |   800/ 1719 batches |    8.0 ms/batch | loss 0.035 | acc 98.80 |
| epoch 95 |  1000/ 1719 batches |    8.3 ms/batch | loss 0.032 | acc 99.00 |
| epoch 95 |  1200/ 1719 batches |    8.1 ms/batch | loss 0.043 | acc 98.61 |
| epoch 95 |  1400/ 1719 batches |    7.8 ms/batch | loss 0.036 | acc 98.73 |
| epoch 95 |  1600/ 1719 batches |    7.9 ms/batch | loss 0.047 | acc 98.47 |
--------------------------------------------------------------------------------------------
| end of epoch 95 |   17.4s | train loss 0.035 | train acc 98.82 | valid loss 0.386 | valid acc 92.23 |
--------------------------------------------------------------------------------------------
| epoch 96 |   200/ 1719 batches |   14.1 ms/batch | loss 0.025 | acc 99.13 |
| epoch 96 |   400/ 1719 batches |   15.7 ms/batch | loss 0.029 | acc 99.05 |
| epoch 96 |   600/ 1719 batches |   15.3 ms/batch | loss 0.026 | acc 99.15 |
| epoch 96 |   800/ 1719 batches |    8.7 ms/batch | loss 0.033 | acc 98.69 |
| epoch 96 |  1000/ 1719 batches |    8.1 ms/batch | loss 0.034 | acc 98.84 |
| epoch 96 |  1200/ 1719 batches |    8.1 ms/batch | loss 0.037 | acc 98.71 |
| epoch 96 |  1400/ 1719 batches |    8.8 ms/batch | loss 0.044 | acc 98.36 |
| epoch 96 |  1600/ 1719 batches |    8.8 ms/batch | loss 0.042 | acc 98.45 |
--------------------------------------------------------------------------------------------
| end of epoch 96 |   18.7s | train loss 0.035 | train acc 98.77 | valid loss 0.350 | valid acc 92.38 |
--------------------------------------------------------------------------------------------
| epoch 97 |   200/ 1719 batches |   10.0 ms/batch | loss 0.023 | acc 99.17 |
| epoch 97 |   400/ 1719 batches |   10.5 ms/batch | loss 0.030 | acc 99.02 |
| epoch 97 |   600/ 1719 batches |   11.4 ms/batch | loss 0.029 | acc 99.02 |
| epoch 97 |   800/ 1719 batches |   11.5 ms/batch | loss 0.033 | acc 98.90 |
| epoch 97 |  1000/ 1719 batches |   12.3 ms/batch | loss 0.035 | acc 98.75 |
| epoch 97 |  1200/ 1719 batches |   11.5 ms/batch | loss 0.036 | acc 98.77 |
| epoch 97 |  1400/ 1719 batches |   11.4 ms/batch | loss 0.042 | acc 98.72 |
| epoch 97 |  1600/ 1719 batches |   10.5 ms/batch | loss 0.043 | acc 98.56 |
--------------------------------------------------------------------------------------------
| end of epoch 97 |   19.3s | train loss 0.035 | train acc 98.83 | valid loss 0.377 | valid acc 92.35 |
--------------------------------------------------------------------------------------------
| epoch 98 |   200/ 1719 batches |    7.9 ms/batch | loss 0.024 | acc 99.21 |
| epoch 98 |   400/ 1719 batches |    9.9 ms/batch | loss 0.024 | acc 99.21 |
| epoch 98 |   600/ 1719 batches |    8.8 ms/batch | loss 0.025 | acc 99.12 |
| epoch 98 |   800/ 1719 batches |   14.2 ms/batch | loss 0.033 | acc 98.88 |
| epoch 98 |  1000/ 1719 batches |   11.4 ms/batch | loss 0.037 | acc 98.73 |
| epoch 98 |  1200/ 1719 batches |   14.9 ms/batch | loss 0.040 | acc 98.73 |
| epoch 98 |  1400/ 1719 batches |    8.0 ms/batch | loss 0.040 | acc 98.66 |
| epoch 98 |  1600/ 1719 batches |    8.0 ms/batch | loss 0.043 | acc 98.59 |
--------------------------------------------------------------------------------------------
| end of epoch 98 |   17.9s | train loss 0.034 | train acc 98.85 | valid loss 0.362 | valid acc 92.29 |
--------------------------------------------------------------------------------------------
| epoch 99 |   200/ 1719 batches |    7.7 ms/batch | loss 0.024 | acc 99.25 |
| epoch 99 |   400/ 1719 batches |    7.8 ms/batch | loss 0.028 | acc 99.04 |
| epoch 99 |   600/ 1719 batches |    7.6 ms/batch | loss 0.030 | acc 98.96 |
| epoch 99 |   800/ 1719 batches |    7.9 ms/batch | loss 0.031 | acc 98.91 |
| epoch 99 |  1000/ 1719 batches |    7.8 ms/batch | loss 0.037 | acc 98.70 |
| epoch 99 |  1200/ 1719 batches |    7.8 ms/batch | loss 0.040 | acc 98.71 |
| epoch 99 |  1400/ 1719 batches |    8.0 ms/batch | loss 0.040 | acc 98.61 |
| epoch 99 |  1600/ 1719 batches |    8.2 ms/batch | loss 0.042 | acc 98.55 |
--------------------------------------------------------------------------------------------
| end of epoch 99 |   13.8s | train loss 0.035 | train acc 98.82 | valid loss 0.388 | valid acc 92.24 |
--------------------------------------------------------------------------------------------
| epoch 100 |   200/ 1719 batches |    7.9 ms/batch | loss 0.023 | acc 99.25 |
| epoch 100 |   400/ 1719 batches |    8.0 ms/batch | loss 0.024 | acc 99.07 |
| epoch 100 |   600/ 1719 batches |    8.1 ms/batch | loss 0.030 | acc 99.21 |
| epoch 100 |   800/ 1719 batches |    7.8 ms/batch | loss 0.036 | acc 98.77 |
| epoch 100 |  1000/ 1719 batches |    7.7 ms/batch | loss 0.037 | acc 98.74 |
| epoch 100 |  1200/ 1719 batches |    7.8 ms/batch | loss 0.039 | acc 98.74 |
| epoch 100 |  1400/ 1719 batches |    8.0 ms/batch | loss 0.041 | acc 98.70 |
| epoch 100 |  1600/ 1719 batches |    7.9 ms/batch | loss 0.043 | acc 98.52 |
--------------------------------------------------------------------------------------------
| end of epoch 100 |   13.9s | train loss 0.035 | train acc 98.84 | valid loss 0.402 | valid acc 92.31 |
--------------------------------------------------------------------------------------------

best validation accuracy 92.60 at epoch 91
============================================================================================
| test loss 0.409 | test acc 91.99 | checkpoint checkpoints/disc_lstm_agnews.pth |
============================================================================================
