device: cuda
vocab 27,171 | classes ['World', 'Sports', 'Business', 'Sci/Tech']
train 110,000 examples | 1,719 batches
valid  10,000 examples |   157 batches
test    7,600 examples |   119 batches
| epoch  1 |   200/ 1719 batches |   36.8 ms/batch | loss 7.303 | ppl  1485.0 |
| epoch  1 |   400/ 1719 batches |   34.1 ms/batch | loss 6.567 | ppl   711.1 |
| epoch  1 |   600/ 1719 batches |   34.1 ms/batch | loss 6.276 | ppl   531.5 |
| epoch  1 |   800/ 1719 batches |   33.9 ms/batch | loss 6.069 | ppl   432.0 |
| epoch  1 |  1000/ 1719 batches |   33.2 ms/batch | loss 5.925 | ppl   374.2 |
| epoch  1 |  1200/ 1719 batches |   32.9 ms/batch | loss 5.809 | ppl   333.3 |
| epoch  1 |  1400/ 1719 batches |   32.9 ms/batch | loss 5.712 | ppl   302.4 |
| epoch  1 |  1600/ 1719 batches |   32.9 ms/batch | loss 5.627 | ppl   277.7 |
--------------------------------------------------------------------------------------------
| end of epoch  1 |   65.9s | train loss 6.121 | train ppl   455.5 | valid nll   249.6 | valid acc 90.51 |
--------------------------------------------------------------------------------------------
| epoch  2 |   200/ 1719 batches |   33.2 ms/batch | loss 5.498 | ppl   244.1 |
| epoch  2 |   400/ 1719 batches |   32.9 ms/batch | loss 5.467 | ppl   236.8 |
| epoch  2 |   600/ 1719 batches |   32.9 ms/batch | loss 5.431 | ppl   228.4 |
| epoch  2 |   800/ 1719 batches |   32.8 ms/batch | loss 5.390 | ppl   219.2 |
| epoch  2 |  1000/ 1719 batches |   33.2 ms/batch | loss 5.347 | ppl   209.9 |
| epoch  2 |  1200/ 1719 batches |   33.2 ms/batch | loss 5.327 | ppl   205.8 |
| epoch  2 |  1400/ 1719 batches |   33.3 ms/batch | loss 5.300 | ppl   200.3 |
| epoch  2 |  1600/ 1719 batches |   33.1 ms/batch | loss 5.264 | ppl   193.3 |
--------------------------------------------------------------------------------------------
| end of epoch  2 |   64.4s | train loss 5.368 | train ppl   214.5 | valid nll   235.0 | valid acc 90.48 |
--------------------------------------------------------------------------------------------
| epoch  3 |   200/ 1719 batches |   34.6 ms/batch | loss 5.168 | ppl   175.6 |
| epoch  3 |   400/ 1719 batches |   34.9 ms/batch | loss 5.168 | ppl   175.6 |
| epoch  3 |   600/ 1719 batches |   35.3 ms/batch | loss 5.137 | ppl   170.3 |
| epoch  3 |   800/ 1719 batches |   35.2 ms/batch | loss 5.129 | ppl   168.9 |
| epoch  3 |  1000/ 1719 batches |   35.1 ms/batch | loss 5.125 | ppl   168.1 |
| epoch  3 |  1200/ 1719 batches |   34.4 ms/batch | loss 5.095 | ppl   163.3 |
| epoch  3 |  1400/ 1719 batches |   34.5 ms/batch | loss 5.093 | ppl   162.8 |
| epoch  3 |  1600/ 1719 batches |   34.5 ms/batch | loss 5.078 | ppl   160.5 |
--------------------------------------------------------------------------------------------
| end of epoch  3 |   67.7s | train loss 5.119 | train ppl   167.2 | valid nll   227.6 | valid acc 90.66 |
--------------------------------------------------------------------------------------------
| epoch  4 |   200/ 1719 batches |   34.6 ms/batch | loss 4.983 | ppl   145.9 |
| epoch  4 |   400/ 1719 batches |   33.6 ms/batch | loss 5.005 | ppl   149.2 |
| epoch  4 |   600/ 1719 batches |   33.2 ms/batch | loss 4.985 | ppl   146.2 |
| epoch  4 |   800/ 1719 batches |   33.0 ms/batch | loss 4.984 | ppl   146.1 |
| epoch  4 |  1000/ 1719 batches |   34.4 ms/batch | loss 4.970 | ppl   144.0 |
| epoch  4 |  1200/ 1719 batches |   33.4 ms/batch | loss 4.956 | ppl   142.1 |
| epoch  4 |  1400/ 1719 batches |   33.2 ms/batch | loss 4.958 | ppl   142.3 |
| epoch  4 |  1600/ 1719 batches |   33.0 ms/batch | loss 4.953 | ppl   141.6 |
--------------------------------------------------------------------------------------------
| end of epoch  4 |   65.2s | train loss 4.972 | train ppl   144.3 | valid nll   222.8 | valid acc 90.60 |
--------------------------------------------------------------------------------------------
| epoch  5 |   200/ 1719 batches |   33.3 ms/batch | loss 4.875 | ppl   130.9 |
| epoch  5 |   400/ 1719 batches |   33.1 ms/batch | loss 4.886 | ppl   132.4 |
| epoch  5 |   600/ 1719 batches |   33.2 ms/batch | loss 4.897 | ppl   133.8 |
| epoch  5 |   800/ 1719 batches |   33.2 ms/batch | loss 4.873 | ppl   130.8 |
| epoch  5 |  1000/ 1719 batches |   33.1 ms/batch | loss 4.868 | ppl   130.0 |
| epoch  5 |  1200/ 1719 batches |   33.6 ms/batch | loss 4.863 | ppl   129.4 |
| epoch  5 |  1400/ 1719 batches |   34.7 ms/batch | loss 4.858 | ppl   128.8 |
| epoch  5 |  1600/ 1719 batches |   33.2 ms/batch | loss 4.867 | ppl   129.9 |
--------------------------------------------------------------------------------------------
| end of epoch  5 |   65.2s | train loss 4.873 | train ppl   130.7 | valid nll   219.6 | valid acc 90.81 |
--------------------------------------------------------------------------------------------
| epoch  6 |   200/ 1719 batches |   34.5 ms/batch | loss 4.797 | ppl   121.2 |
| epoch  6 |   400/ 1719 batches |   34.8 ms/batch | loss 4.803 | ppl   121.9 |
| epoch  6 |   600/ 1719 batches |   34.7 ms/batch | loss 4.807 | ppl   122.4 |
| epoch  6 |   800/ 1719 batches |   34.7 ms/batch | loss 4.811 | ppl   122.9 |
| epoch  6 |  1000/ 1719 batches |   34.9 ms/batch | loss 4.797 | ppl   121.2 |
| epoch  6 |  1200/ 1719 batches |   35.0 ms/batch | loss 4.807 | ppl   122.4 |
| epoch  6 |  1400/ 1719 batches |   33.2 ms/batch | loss 4.802 | ppl   121.7 |
| epoch  6 |  1600/ 1719 batches |   34.7 ms/batch | loss 4.804 | ppl   122.0 |
--------------------------------------------------------------------------------------------
| end of epoch  6 |   67.2s | train loss 4.802 | train ppl   121.8 | valid nll   217.2 | valid acc 90.88 |
--------------------------------------------------------------------------------------------
| epoch  7 |   200/ 1719 batches |   33.8 ms/batch | loss 4.722 | ppl   112.4 |
| epoch  7 |   400/ 1719 batches |   33.5 ms/batch | loss 4.733 | ppl   113.7 |
| epoch  7 |   600/ 1719 batches |   33.6 ms/batch | loss 4.754 | ppl   116.1 |
| epoch  7 |   800/ 1719 batches |   34.7 ms/batch | loss 4.755 | ppl   116.1 |
| epoch  7 |  1000/ 1719 batches |   34.7 ms/batch | loss 4.749 | ppl   115.5 |
| epoch  7 |  1200/ 1719 batches |   33.6 ms/batch | loss 4.757 | ppl   116.4 |
| epoch  7 |  1400/ 1719 batches |   33.1 ms/batch | loss 4.741 | ppl   114.6 |
| epoch  7 |  1600/ 1719 batches |   33.2 ms/batch | loss 4.762 | ppl   116.9 |
--------------------------------------------------------------------------------------------
| end of epoch  7 |   65.8s | train loss 4.747 | train ppl   115.2 | valid nll   215.4 | valid acc 91.07 |
--------------------------------------------------------------------------------------------
| epoch  8 |   200/ 1719 batches |   33.5 ms/batch | loss 4.681 | ppl   107.9 |
| epoch  8 |   400/ 1719 batches |   33.4 ms/batch | loss 4.692 | ppl   109.0 |
| epoch  8 |   600/ 1719 batches |   35.0 ms/batch | loss 4.691 | ppl   109.0 |
| epoch  8 |   800/ 1719 batches |   34.8 ms/batch | loss 4.694 | ppl   109.3 |
| epoch  8 |  1000/ 1719 batches |   34.7 ms/batch | loss 4.710 | ppl   111.0 |
| epoch  8 |  1200/ 1719 batches |   34.4 ms/batch | loss 4.707 | ppl   110.7 |
| epoch  8 |  1400/ 1719 batches |   34.1 ms/batch | loss 4.709 | ppl   111.0 |
| epoch  8 |  1600/ 1719 batches |   33.3 ms/batch | loss 4.716 | ppl   111.7 |
--------------------------------------------------------------------------------------------
| end of epoch  8 |   66.2s | train loss 4.702 | train ppl   110.2 | valid nll   213.9 | valid acc 91.01 |
--------------------------------------------------------------------------------------------
| epoch  9 |   200/ 1719 batches |   33.3 ms/batch | loss 4.631 | ppl   102.6 |
| epoch  9 |   400/ 1719 batches |   33.8 ms/batch | loss 4.642 | ppl   103.8 |
| epoch  9 |   600/ 1719 batches |   34.4 ms/batch | loss 4.664 | ppl   106.0 |
| epoch  9 |   800/ 1719 batches |   34.5 ms/batch | loss 4.663 | ppl   106.0 |
| epoch  9 |  1000/ 1719 batches |   34.5 ms/batch | loss 4.683 | ppl   108.1 |
| epoch  9 |  1200/ 1719 batches |   34.5 ms/batch | loss 4.674 | ppl   107.1 |
| epoch  9 |  1400/ 1719 batches |   33.9 ms/batch | loss 4.676 | ppl   107.4 |
| epoch  9 |  1600/ 1719 batches |   33.2 ms/batch | loss 4.670 | ppl   106.6 |
--------------------------------------------------------------------------------------------
| end of epoch  9 |   66.3s | train loss 4.665 | train ppl   106.2 | valid nll   212.6 | valid acc 91.12 |
--------------------------------------------------------------------------------------------
| epoch 10 |   200/ 1719 batches |   33.2 ms/batch | loss 4.604 | ppl    99.9 |
| epoch 10 |   400/ 1719 batches |   33.6 ms/batch | loss 4.610 | ppl   100.5 |
| epoch 10 |   600/ 1719 batches |   35.1 ms/batch | loss 4.631 | ppl   102.6 |
| epoch 10 |   800/ 1719 batches |   33.5 ms/batch | loss 4.632 | ppl   102.7 |
| epoch 10 |  1000/ 1719 batches |   33.2 ms/batch | loss 4.640 | ppl   103.6 |
| epoch 10 |  1200/ 1719 batches |   33.1 ms/batch | loss 4.640 | ppl   103.6 |
| epoch 10 |  1400/ 1719 batches |   33.7 ms/batch | loss 4.640 | ppl   103.5 |
| epoch 10 |  1600/ 1719 batches |   33.3 ms/batch | loss 4.643 | ppl   103.9 |
--------------------------------------------------------------------------------------------
| end of epoch 10 |   65.3s | train loss 4.633 | train ppl   102.8 | valid nll   211.6 | valid acc 91.10 |
--------------------------------------------------------------------------------------------
| epoch 11 |   200/ 1719 batches |   33.4 ms/batch | loss 4.569 | ppl    96.4 |
| epoch 11 |   400/ 1719 batches |   33.3 ms/batch | loss 4.583 | ppl    97.8 |
| epoch 11 |   600/ 1719 batches |   33.2 ms/batch | loss 4.606 | ppl   100.1 |
| epoch 11 |   800/ 1719 batches |   33.6 ms/batch | loss 4.625 | ppl   102.0 |
| epoch 11 |  1000/ 1719 batches |   34.4 ms/batch | loss 4.601 | ppl    99.6 |
| epoch 11 |  1200/ 1719 batches |   33.5 ms/batch | loss 4.623 | ppl   101.8 |
| epoch 11 |  1400/ 1719 batches |   33.9 ms/batch | loss 4.610 | ppl   100.4 |
| epoch 11 |  1600/ 1719 batches |   33.5 ms/batch | loss 4.620 | ppl   101.5 |
--------------------------------------------------------------------------------------------
| end of epoch 11 |   65.3s | train loss 4.605 | train ppl    99.9 | valid nll   210.7 | valid acc 91.08 |
--------------------------------------------------------------------------------------------
| epoch 12 |   200/ 1719 batches |   33.4 ms/batch | loss 4.538 | ppl    93.5 |
| epoch 12 |   400/ 1719 batches |   33.2 ms/batch | loss 4.541 | ppl    93.8 |
| epoch 12 |   600/ 1719 batches |   33.2 ms/batch | loss 4.567 | ppl    96.3 |
| epoch 12 |   800/ 1719 batches |   33.2 ms/batch | loss 4.586 | ppl    98.1 |
| epoch 12 |  1000/ 1719 batches |   33.3 ms/batch | loss 4.587 | ppl    98.2 |
| epoch 12 |  1200/ 1719 batches |   33.1 ms/batch | loss 4.603 | ppl    99.7 |
| epoch 12 |  1400/ 1719 batches |   33.1 ms/batch | loss 4.609 | ppl   100.4 |
| epoch 12 |  1600/ 1719 batches |   33.4 ms/batch | loss 4.598 | ppl    99.3 |
--------------------------------------------------------------------------------------------
| end of epoch 12 |   64.9s | train loss 4.579 | train ppl    97.4 | valid nll   209.8 | valid acc 91.40 |
--------------------------------------------------------------------------------------------
| epoch 13 |   200/ 1719 batches |   33.1 ms/batch | loss 4.526 | ppl    92.4 |
| epoch 13 |   400/ 1719 batches |   33.2 ms/batch | loss 4.535 | ppl    93.2 |
| epoch 13 |   600/ 1719 batches |   33.0 ms/batch | loss 4.546 | ppl    94.2 |
| epoch 13 |   800/ 1719 batches |   33.2 ms/batch | loss 4.561 | ppl    95.7 |
| epoch 13 |  1000/ 1719 batches |   34.6 ms/batch | loss 4.568 | ppl    96.3 |
| epoch 13 |  1200/ 1719 batches |   34.7 ms/batch | loss 4.568 | ppl    96.4 |
| epoch 13 |  1400/ 1719 batches |   34.8 ms/batch | loss 4.564 | ppl    96.0 |
| epoch 13 |  1600/ 1719 batches |   35.2 ms/batch | loss 4.567 | ppl    96.2 |
--------------------------------------------------------------------------------------------
| end of epoch 13 |   65.9s | train loss 4.556 | train ppl    95.2 | valid nll   209.1 | valid acc 91.26 |
--------------------------------------------------------------------------------------------
| epoch 14 |   200/ 1719 batches |   33.2 ms/batch | loss 4.493 | ppl    89.4 |
| epoch 14 |   400/ 1719 batches |   33.2 ms/batch | loss 4.505 | ppl    90.5 |
| epoch 14 |   600/ 1719 batches |   33.2 ms/batch | loss 4.524 | ppl    92.2 |
| epoch 14 |   800/ 1719 batches |   33.3 ms/batch | loss 4.534 | ppl    93.1 |
| epoch 14 |  1000/ 1719 batches |   34.6 ms/batch | loss 4.540 | ppl    93.7 |
| epoch 14 |  1200/ 1719 batches |   34.9 ms/batch | loss 4.560 | ppl    95.6 |
| epoch 14 |  1400/ 1719 batches |   35.2 ms/batch | loss 4.545 | ppl    94.2 |
| epoch 14 |  1600/ 1719 batches |   35.2 ms/batch | loss 4.564 | ppl    95.9 |
--------------------------------------------------------------------------------------------
| end of epoch 14 |   66.5s | train loss 4.535 | train ppl    93.2 | valid nll   208.4 | valid acc 91.17 |
--------------------------------------------------------------------------------------------
| epoch 15 |   200/ 1719 batches |   35.2 ms/batch | loss 4.465 | ppl    86.9 |
| epoch 15 |   400/ 1719 batches |   34.4 ms/batch | loss 4.480 | ppl    88.2 |
| epoch 15 |   600/ 1719 batches |   34.2 ms/batch | loss 4.500 | ppl    90.0 |
| epoch 15 |   800/ 1719 batches |   34.3 ms/batch | loss 4.529 | ppl    92.7 |
| epoch 15 |  1000/ 1719 batches |   34.8 ms/batch | loss 4.527 | ppl    92.5 |
| epoch 15 |  1200/ 1719 batches |   33.8 ms/batch | loss 4.525 | ppl    92.3 |
| epoch 15 |  1400/ 1719 batches |   33.4 ms/batch | loss 4.531 | ppl    92.9 |
| epoch 15 |  1600/ 1719 batches |   33.5 ms/batch | loss 4.545 | ppl    94.2 |
--------------------------------------------------------------------------------------------
| end of epoch 15 |   66.3s | train loss 4.515 | train ppl    91.4 | valid nll   207.8 | valid acc 91.22 |
--------------------------------------------------------------------------------------------
| epoch 16 |   200/ 1719 batches |   34.5 ms/batch | loss 4.458 | ppl    86.3 |
| epoch 16 |   400/ 1719 batches |   33.6 ms/batch | loss 4.480 | ppl    88.2 |
| epoch 16 |   600/ 1719 batches |   33.6 ms/batch | loss 4.479 | ppl    88.2 |
| epoch 16 |   800/ 1719 batches |   33.3 ms/batch | loss 4.495 | ppl    89.5 |
| epoch 16 |  1000/ 1719 batches |   34.1 ms/batch | loss 4.508 | ppl    90.7 |
| epoch 16 |  1200/ 1719 batches |   35.2 ms/batch | loss 4.503 | ppl    90.3 |
| epoch 16 |  1400/ 1719 batches |   35.0 ms/batch | loss 4.524 | ppl    92.2 |
| epoch 16 |  1600/ 1719 batches |   35.1 ms/batch | loss 4.522 | ppl    92.0 |
--------------------------------------------------------------------------------------------
| end of epoch 16 |   66.4s | train loss 4.497 | train ppl    89.8 | valid nll   207.3 | valid acc 91.14 |
--------------------------------------------------------------------------------------------
| epoch 17 |   200/ 1719 batches |   33.8 ms/batch | loss 4.424 | ppl    83.4 |
| epoch 17 |   400/ 1719 batches |   34.4 ms/batch | loss 4.454 | ppl    86.0 |
| epoch 17 |   600/ 1719 batches |   34.7 ms/batch | loss 4.481 | ppl    88.4 |
| epoch 17 |   800/ 1719 batches |   35.3 ms/batch | loss 4.482 | ppl    88.5 |
| epoch 17 |  1000/ 1719 batches |   34.8 ms/batch | loss 4.492 | ppl    89.3 |
| epoch 17 |  1200/ 1719 batches |   34.9 ms/batch | loss 4.498 | ppl    89.9 |
| epoch 17 |  1400/ 1719 batches |   35.3 ms/batch | loss 4.499 | ppl    90.0 |
| epoch 17 |  1600/ 1719 batches |   34.4 ms/batch | loss 4.504 | ppl    90.3 |
--------------------------------------------------------------------------------------------
| end of epoch 17 |   67.4s | train loss 4.481 | train ppl    88.3 | valid nll   206.7 | valid acc 91.11 |
--------------------------------------------------------------------------------------------
| epoch 18 |   200/ 1719 batches |   35.1 ms/batch | loss 4.416 | ppl    82.8 |
| epoch 18 |   400/ 1719 batches |   33.8 ms/batch | loss 4.432 | ppl    84.1 |
| epoch 18 |   600/ 1719 batches |   33.6 ms/batch | loss 4.458 | ppl    86.3 |
| epoch 18 |   800/ 1719 batches |   33.7 ms/batch | loss 4.466 | ppl    87.0 |
| epoch 18 |  1000/ 1719 batches |   33.2 ms/batch | loss 4.481 | ppl    88.3 |
| epoch 18 |  1200/ 1719 batches |   33.3 ms/batch | loss 4.490 | ppl    89.1 |
| epoch 18 |  1400/ 1719 batches |   33.3 ms/batch | loss 4.479 | ppl    88.1 |
| epoch 18 |  1600/ 1719 batches |   33.3 ms/batch | loss 4.488 | ppl    88.9 |
--------------------------------------------------------------------------------------------
| end of epoch 18 |   65.4s | train loss 4.465 | train ppl    87.0 | valid nll   206.3 | valid acc 91.16 |
--------------------------------------------------------------------------------------------
| epoch 19 |   200/ 1719 batches |   33.2 ms/batch | loss 4.401 | ppl    81.5 |
| epoch 19 |   400/ 1719 batches |   33.7 ms/batch | loss 4.412 | ppl    82.4 |
| epoch 19 |   600/ 1719 batches |   34.3 ms/batch | loss 4.434 | ppl    84.2 |
| epoch 19 |   800/ 1719 batches |   33.8 ms/batch | loss 4.457 | ppl    86.2 |
| epoch 19 |  1000/ 1719 batches |   33.3 ms/batch | loss 4.461 | ppl    86.6 |
| epoch 19 |  1200/ 1719 batches |   33.3 ms/batch | loss 4.469 | ppl    87.3 |
| epoch 19 |  1400/ 1719 batches |   33.3 ms/batch | loss 4.477 | ppl    88.0 |
| epoch 19 |  1600/ 1719 batches |   33.9 ms/batch | loss 4.481 | ppl    88.3 |
--------------------------------------------------------------------------------------------
| end of epoch 19 |   65.3s | train loss 4.451 | train ppl    85.7 | valid nll   205.8 | valid acc 91.15 |
--------------------------------------------------------------------------------------------
| epoch 20 |   200/ 1719 batches |   33.6 ms/batch | loss 4.377 | ppl    79.6 |
| epoch 20 |   400/ 1719 batches |   35.0 ms/batch | loss 4.408 | ppl    82.1 |
| epoch 20 |   600/ 1719 batches |   34.6 ms/batch | loss 4.433 | ppl    84.2 |
| epoch 20 |   800/ 1719 batches |   33.3 ms/batch | loss 4.436 | ppl    84.4 |
| epoch 20 |  1000/ 1719 batches |   34.7 ms/batch | loss 4.448 | ppl    85.5 |
| epoch 20 |  1200/ 1719 batches |   34.5 ms/batch | loss 4.451 | ppl    85.7 |
| epoch 20 |  1400/ 1719 batches |   34.3 ms/batch | loss 4.459 | ppl    86.4 |
| epoch 20 |  1600/ 1719 batches |   33.3 ms/batch | loss 4.461 | ppl    86.6 |
--------------------------------------------------------------------------------------------
| end of epoch 20 |   66.2s | train loss 4.437 | train ppl    84.5 | valid nll   205.4 | valid acc 91.14 |
--------------------------------------------------------------------------------------------
| epoch 21 |   200/ 1719 batches |   33.3 ms/batch | loss 4.360 | ppl    78.2 |
| epoch 21 |   400/ 1719 batches |   33.3 ms/batch | loss 4.398 | ppl    81.3 |
| epoch 21 |   600/ 1719 batches |   33.3 ms/batch | loss 4.415 | ppl    82.6 |
| epoch 21 |   800/ 1719 batches |   33.2 ms/batch | loss 4.413 | ppl    82.5 |
| epoch 21 |  1000/ 1719 batches |   33.3 ms/batch | loss 4.435 | ppl    84.3 |
| epoch 21 |  1200/ 1719 batches |   33.2 ms/batch | loss 4.452 | ppl    85.8 |
| epoch 21 |  1400/ 1719 batches |   33.3 ms/batch | loss 4.451 | ppl    85.7 |
| epoch 21 |  1600/ 1719 batches |   33.3 ms/batch | loss 4.447 | ppl    85.4 |
--------------------------------------------------------------------------------------------
| end of epoch 21 |   64.8s | train loss 4.424 | train ppl    83.4 | valid nll   205.0 | valid acc 91.23 |
--------------------------------------------------------------------------------------------
| epoch 22 |   200/ 1719 batches |   34.4 ms/batch | loss 4.362 | ppl    78.4 |
| epoch 22 |   400/ 1719 batches |   34.4 ms/batch | loss 4.377 | ppl    79.6 |
| epoch 22 |   600/ 1719 batches |   34.5 ms/batch | loss 4.385 | ppl    80.3 |
| epoch 22 |   800/ 1719 batches |   34.4 ms/batch | loss 4.423 | ppl    83.3 |
| epoch 22 |  1000/ 1719 batches |   34.5 ms/batch | loss 4.417 | ppl    82.9 |
| epoch 22 |  1200/ 1719 batches |   33.9 ms/batch | loss 4.438 | ppl    84.6 |
| epoch 22 |  1400/ 1719 batches |   33.1 ms/batch | loss 4.430 | ppl    83.9 |
| epoch 22 |  1600/ 1719 batches |   33.2 ms/batch | loss 4.434 | ppl    84.3 |
--------------------------------------------------------------------------------------------
| end of epoch 22 |   66.0s | train loss 4.411 | train ppl    82.4 | valid nll   204.5 | valid acc 91.17 |
--------------------------------------------------------------------------------------------
| epoch 23 |   200/ 1719 batches |   33.2 ms/batch | loss 4.344 | ppl    77.0 |
| epoch 23 |   400/ 1719 batches |   33.5 ms/batch | loss 4.370 | ppl    79.1 |
| epoch 23 |   600/ 1719 batches |   33.2 ms/batch | loss 4.370 | ppl    79.0 |
| epoch 23 |   800/ 1719 batches |   33.1 ms/batch | loss 4.401 | ppl    81.5 |
| epoch 23 |  1000/ 1719 batches |   33.9 ms/batch | loss 4.408 | ppl    82.1 |
| epoch 23 |  1200/ 1719 batches |   34.0 ms/batch | loss 4.415 | ppl    82.7 |
| epoch 23 |  1400/ 1719 batches |   34.1 ms/batch | loss 4.427 | ppl    83.7 |
| epoch 23 |  1600/ 1719 batches |   33.3 ms/batch | loss 4.436 | ppl    84.4 |
--------------------------------------------------------------------------------------------
| end of epoch 23 |   65.2s | train loss 4.399 | train ppl    81.4 | valid nll   204.3 | valid acc 91.15 |
--------------------------------------------------------------------------------------------
| epoch 24 |   200/ 1719 batches |   33.6 ms/batch | loss 4.326 | ppl    75.7 |
| epoch 24 |   400/ 1719 batches |   33.4 ms/batch | loss 4.353 | ppl    77.7 |
| epoch 24 |   600/ 1719 batches |   33.2 ms/batch | loss 4.376 | ppl    79.5 |
| epoch 24 |   800/ 1719 batches |   33.1 ms/batch | loss 4.394 | ppl    81.0 |
| epoch 24 |  1000/ 1719 batches |   33.3 ms/batch | loss 4.401 | ppl    81.5 |
| epoch 24 |  1200/ 1719 batches |   33.2 ms/batch | loss 4.395 | ppl    81.0 |
| epoch 24 |  1400/ 1719 batches |   33.4 ms/batch | loss 4.410 | ppl    82.3 |
| epoch 24 |  1600/ 1719 batches |   33.5 ms/batch | loss 4.423 | ppl    83.4 |
--------------------------------------------------------------------------------------------
| end of epoch 24 |   64.9s | train loss 4.388 | train ppl    80.5 | valid nll   203.8 | valid acc 91.28 |
--------------------------------------------------------------------------------------------
| epoch 25 |   200/ 1719 batches |   33.6 ms/batch | loss 4.323 | ppl    75.4 |
| epoch 25 |   400/ 1719 batches |   33.2 ms/batch | loss 4.342 | ppl    76.9 |
| epoch 25 |   600/ 1719 batches |   33.1 ms/batch | loss 4.369 | ppl    79.0 |
| epoch 25 |   800/ 1719 batches |   34.4 ms/batch | loss 4.373 | ppl    79.3 |
| epoch 25 |  1000/ 1719 batches |   34.5 ms/batch | loss 4.388 | ppl    80.5 |
| epoch 25 |  1200/ 1719 batches |   33.4 ms/batch | loss 4.387 | ppl    80.4 |
| epoch 25 |  1400/ 1719 batches |   33.6 ms/batch | loss 4.395 | ppl    81.0 |
| epoch 25 |  1600/ 1719 batches |   33.8 ms/batch | loss 4.417 | ppl    82.9 |
--------------------------------------------------------------------------------------------
| end of epoch 25 |   65.5s | train loss 4.377 | train ppl    79.6 | valid nll   203.5 | valid acc 91.33 |
--------------------------------------------------------------------------------------------
| epoch 26 |   200/ 1719 batches |   33.0 ms/batch | loss 4.334 | ppl    76.2 |
| epoch 26 |   400/ 1719 batches |   33.2 ms/batch | loss 4.332 | ppl    76.1 |
| epoch 26 |   600/ 1719 batches |   33.3 ms/batch | loss 4.357 | ppl    78.0 |
| epoch 26 |   800/ 1719 batches |   33.2 ms/batch | loss 4.360 | ppl    78.3 |
| epoch 26 |  1000/ 1719 batches |   33.2 ms/batch | loss 4.382 | ppl    80.0 |
| epoch 26 |  1200/ 1719 batches |   33.3 ms/batch | loss 4.378 | ppl    79.6 |
| epoch 26 |  1400/ 1719 batches |   33.3 ms/batch | loss 4.381 | ppl    79.9 |
| epoch 26 |  1600/ 1719 batches |   33.2 ms/batch | loss 4.397 | ppl    81.2 |
--------------------------------------------------------------------------------------------
| end of epoch 26 |   64.7s | train loss 4.367 | train ppl    78.8 | valid nll   203.2 | valid acc 91.20 |
--------------------------------------------------------------------------------------------
| epoch 27 |   200/ 1719 batches |   33.4 ms/batch | loss 4.306 | ppl    74.1 |
| epoch 27 |   400/ 1719 batches |   35.2 ms/batch | loss 4.329 | ppl    75.9 |
| epoch 27 |   600/ 1719 batches |   35.1 ms/batch | loss 4.338 | ppl    76.6 |
| epoch 27 |   800/ 1719 batches |   34.6 ms/batch | loss 4.358 | ppl    78.1 |
| epoch 27 |  1000/ 1719 batches |   34.1 ms/batch | loss 4.367 | ppl    78.8 |
| epoch 27 |  1200/ 1719 batches |   34.9 ms/batch | loss 4.381 | ppl    79.9 |
| epoch 27 |  1400/ 1719 batches |   34.5 ms/batch | loss 4.391 | ppl    80.7 |
| epoch 27 |  1600/ 1719 batches |   34.5 ms/batch | loss 4.366 | ppl    78.7 |
--------------------------------------------------------------------------------------------
| end of epoch 27 |   66.8s | train loss 4.358 | train ppl    78.1 | valid nll   202.9 | valid acc 91.22 |
--------------------------------------------------------------------------------------------
| epoch 28 |   200/ 1719 batches |   33.7 ms/batch | loss 4.277 | ppl    72.0 |
| epoch 28 |   400/ 1719 batches |   35.3 ms/batch | loss 4.312 | ppl    74.6 |
| epoch 28 |   600/ 1719 batches |   34.9 ms/batch | loss 4.336 | ppl    76.4 |
| epoch 28 |   800/ 1719 batches |   34.4 ms/batch | loss 4.346 | ppl    77.2 |
| epoch 28 |  1000/ 1719 batches |   35.4 ms/batch | loss 4.368 | ppl    78.9 |
| epoch 28 |  1200/ 1719 batches |   35.0 ms/batch | loss 4.364 | ppl    78.6 |
| epoch 28 |  1400/ 1719 batches |   34.6 ms/batch | loss 4.377 | ppl    79.6 |
| epoch 28 |  1600/ 1719 batches |   34.5 ms/batch | loss 4.397 | ppl    81.2 |
--------------------------------------------------------------------------------------------
| end of epoch 28 |   67.2s | train loss 4.349 | train ppl    77.4 | valid nll   202.6 | valid acc 91.15 |
--------------------------------------------------------------------------------------------
| epoch 29 |   200/ 1719 batches |   34.3 ms/batch | loss 4.287 | ppl    72.8 |
| epoch 29 |   400/ 1719 batches |   34.5 ms/batch | loss 4.305 | ppl    74.1 |
| epoch 29 |   600/ 1719 batches |   34.6 ms/batch | loss 4.317 | ppl    74.9 |
| epoch 29 |   800/ 1719 batches |   34.5 ms/batch | loss 4.345 | ppl    77.1 |
| epoch 29 |  1000/ 1719 batches |   34.5 ms/batch | loss 4.351 | ppl    77.6 |
| epoch 29 |  1200/ 1719 batches |   33.7 ms/batch | loss 4.358 | ppl    78.1 |
| epoch 29 |  1400/ 1719 batches |   33.4 ms/batch | loss 4.370 | ppl    79.0 |
| epoch 29 |  1600/ 1719 batches |   33.2 ms/batch | loss 4.374 | ppl    79.4 |
--------------------------------------------------------------------------------------------
| end of epoch 29 |   66.1s | train loss 4.341 | train ppl    76.8 | valid nll   202.5 | valid acc 91.17 |
--------------------------------------------------------------------------------------------
| epoch 30 |   200/ 1719 batches |   33.3 ms/batch | loss 4.270 | ppl    71.5 |
| epoch 30 |   400/ 1719 batches |   33.2 ms/batch | loss 4.295 | ppl    73.3 |
| epoch 30 |   600/ 1719 batches |   33.3 ms/batch | loss 4.317 | ppl    75.0 |
| epoch 30 |   800/ 1719 batches |   33.3 ms/batch | loss 4.331 | ppl    76.0 |
| epoch 30 |  1000/ 1719 batches |   33.3 ms/batch | loss 4.345 | ppl    77.1 |
| epoch 30 |  1200/ 1719 batches |   33.3 ms/batch | loss 4.356 | ppl    77.9 |
| epoch 30 |  1400/ 1719 batches |   33.3 ms/batch | loss 4.372 | ppl    79.2 |
| epoch 30 |  1600/ 1719 batches |   33.3 ms/batch | loss 4.358 | ppl    78.1 |
--------------------------------------------------------------------------------------------
| end of epoch 30 |   64.8s | train loss 4.333 | train ppl    76.2 | valid nll   202.2 | valid acc 91.34 |
--------------------------------------------------------------------------------------------
| epoch 31 |   200/ 1719 batches |   33.4 ms/batch | loss 4.273 | ppl    71.7 |
| epoch 31 |   400/ 1719 batches |   33.4 ms/batch | loss 4.292 | ppl    73.1 |
| epoch 31 |   600/ 1719 batches |   33.0 ms/batch | loss 4.308 | ppl    74.3 |
| epoch 31 |   800/ 1719 batches |   32.9 ms/batch | loss 4.317 | ppl    75.0 |
| epoch 31 |  1000/ 1719 batches |   33.2 ms/batch | loss 4.335 | ppl    76.3 |
| epoch 31 |  1200/ 1719 batches |   33.2 ms/batch | loss 4.347 | ppl    77.3 |
| epoch 31 |  1400/ 1719 batches |   33.2 ms/batch | loss 4.354 | ppl    77.8 |
| epoch 31 |  1600/ 1719 batches |   33.1 ms/batch | loss 4.359 | ppl    78.2 |
--------------------------------------------------------------------------------------------
| end of epoch 31 |   64.6s | train loss 4.326 | train ppl    75.7 | valid nll   202.0 | valid acc 91.15 |
--------------------------------------------------------------------------------------------
| epoch 32 |   200/ 1719 batches |   33.3 ms/batch | loss 4.259 | ppl    70.8 |
| epoch 32 |   400/ 1719 batches |   33.3 ms/batch | loss 4.289 | ppl    72.9 |
| epoch 32 |   600/ 1719 batches |   33.3 ms/batch | loss 4.311 | ppl    74.5 |
| epoch 32 |   800/ 1719 batches |   33.4 ms/batch | loss 4.317 | ppl    74.9 |
| epoch 32 |  1000/ 1719 batches |   34.2 ms/batch | loss 4.330 | ppl    75.9 |
| epoch 32 |  1200/ 1719 batches |   34.5 ms/batch | loss 4.340 | ppl    76.7 |
| epoch 32 |  1400/ 1719 batches |   33.9 ms/batch | loss 4.350 | ppl    77.5 |
| epoch 32 |  1600/ 1719 batches |   34.9 ms/batch | loss 4.348 | ppl    77.3 |
--------------------------------------------------------------------------------------------
| end of epoch 32 |   66.0s | train loss 4.320 | train ppl    75.2 | valid nll   201.8 | valid acc 91.14 |
--------------------------------------------------------------------------------------------
| epoch 33 |   200/ 1719 batches |   34.9 ms/batch | loss 4.258 | ppl    70.7 |
| epoch 33 |   400/ 1719 batches |   33.6 ms/batch | loss 4.281 | ppl    72.3 |
| epoch 33 |   600/ 1719 batches |   33.2 ms/batch | loss 4.303 | ppl    73.9 |
| epoch 33 |   800/ 1719 batches |   33.2 ms/batch | loss 4.324 | ppl    75.5 |
| epoch 33 |  1000/ 1719 batches |   33.3 ms/batch | loss 4.308 | ppl    74.3 |
| epoch 33 |  1200/ 1719 batches |   33.3 ms/batch | loss 4.331 | ppl    76.0 |
| epoch 33 |  1400/ 1719 batches |   33.3 ms/batch | loss 4.335 | ppl    76.3 |
| epoch 33 |  1600/ 1719 batches |   33.4 ms/batch | loss 4.351 | ppl    77.6 |
--------------------------------------------------------------------------------------------
| end of epoch 33 |   65.2s | train loss 4.313 | train ppl    74.7 | valid nll   201.6 | valid acc 91.23 |
--------------------------------------------------------------------------------------------
| epoch 34 |   200/ 1719 batches |   32.8 ms/batch | loss 4.243 | ppl    69.6 |
| epoch 34 |   400/ 1719 batches |   33.1 ms/batch | loss 4.283 | ppl    72.5 |
| epoch 34 |   600/ 1719 batches |   33.2 ms/batch | loss 4.279 | ppl    72.2 |
| epoch 34 |   800/ 1719 batches |   33.0 ms/batch | loss 4.303 | ppl    73.9 |
| epoch 34 |  1000/ 1719 batches |   33.0 ms/batch | loss 4.310 | ppl    74.5 |
| epoch 34 |  1200/ 1719 batches |   33.7 ms/batch | loss 4.337 | ppl    76.5 |
| epoch 34 |  1400/ 1719 batches |   34.6 ms/batch | loss 4.335 | ppl    76.3 |
| epoch 34 |  1600/ 1719 batches |   35.0 ms/batch | loss 4.348 | ppl    77.3 |
--------------------------------------------------------------------------------------------
| end of epoch 34 |   65.3s | train loss 4.307 | train ppl    74.2 | valid nll   201.5 | valid acc 91.24 |
--------------------------------------------------------------------------------------------
| epoch 35 |   200/ 1719 batches |   34.0 ms/batch | loss 4.249 | ppl    70.0 |
| epoch 35 |   400/ 1719 batches |   34.5 ms/batch | loss 4.262 | ppl    71.0 |
| epoch 35 |   600/ 1719 batches |   34.3 ms/batch | loss 4.288 | ppl    72.8 |
| epoch 35 |   800/ 1719 batches |   34.9 ms/batch | loss 4.295 | ppl    73.4 |
| epoch 35 |  1000/ 1719 batches |   34.2 ms/batch | loss 4.310 | ppl    74.5 |
| epoch 35 |  1200/ 1719 batches |   33.7 ms/batch | loss 4.316 | ppl    74.9 |
| epoch 35 |  1400/ 1719 batches |   33.0 ms/batch | loss 4.328 | ppl    75.8 |
| epoch 35 |  1600/ 1719 batches |   33.1 ms/batch | loss 4.337 | ppl    76.4 |
--------------------------------------------------------------------------------------------
| end of epoch 35 |   65.8s | train loss 4.302 | train ppl    73.8 | valid nll   201.4 | valid acc 91.20 |
--------------------------------------------------------------------------------------------
| epoch 36 |   200/ 1719 batches |   34.2 ms/batch | loss 4.224 | ppl    68.3 |
| epoch 36 |   400/ 1719 batches |   34.1 ms/batch | loss 4.266 | ppl    71.2 |
| epoch 36 |   600/ 1719 batches |   34.5 ms/batch | loss 4.285 | ppl    72.6 |
| epoch 36 |   800/ 1719 batches |   33.2 ms/batch | loss 4.292 | ppl    73.1 |
| epoch 36 |  1000/ 1719 batches |   34.2 ms/batch | loss 4.315 | ppl    74.8 |
| epoch 36 |  1200/ 1719 batches |   33.2 ms/batch | loss 4.315 | ppl    74.8 |
| epoch 36 |  1400/ 1719 batches |   34.2 ms/batch | loss 4.323 | ppl    75.4 |
| epoch 36 |  1600/ 1719 batches |   33.5 ms/batch | loss 4.331 | ppl    76.0 |
--------------------------------------------------------------------------------------------
| end of epoch 36 |   65.8s | train loss 4.296 | train ppl    73.4 | valid nll   201.1 | valid acc 91.25 |
--------------------------------------------------------------------------------------------
| epoch 37 |   200/ 1719 batches |   33.2 ms/batch | loss 4.236 | ppl    69.1 |
| epoch 37 |   400/ 1719 batches |   33.2 ms/batch | loss 4.258 | ppl    70.7 |
| epoch 37 |   600/ 1719 batches |   33.1 ms/batch | loss 4.284 | ppl    72.5 |
| epoch 37 |   800/ 1719 batches |   33.1 ms/batch | loss 4.287 | ppl    72.7 |
| epoch 37 |  1000/ 1719 batches |   33.3 ms/batch | loss 4.289 | ppl    72.9 |
| epoch 37 |  1200/ 1719 batches |   33.3 ms/batch | loss 4.309 | ppl    74.3 |
| epoch 37 |  1400/ 1719 batches |   33.1 ms/batch | loss 4.313 | ppl    74.6 |
| epoch 37 |  1600/ 1719 batches |   33.2 ms/batch | loss 4.337 | ppl    76.5 |
--------------------------------------------------------------------------------------------
| end of epoch 37 |   64.6s | train loss 4.291 | train ppl    73.1 | valid nll   201.1 | valid acc 91.27 |
--------------------------------------------------------------------------------------------
| epoch 38 |   200/ 1719 batches |   33.2 ms/batch | loss 4.219 | ppl    68.0 |
| epoch 38 |   400/ 1719 batches |   33.3 ms/batch | loss 4.265 | ppl    71.1 |
| epoch 38 |   600/ 1719 batches |   33.2 ms/batch | loss 4.265 | ppl    71.1 |
| epoch 38 |   800/ 1719 batches |   33.3 ms/batch | loss 4.283 | ppl    72.5 |
| epoch 38 |  1000/ 1719 batches |   33.1 ms/batch | loss 4.304 | ppl    74.0 |
| epoch 38 |  1200/ 1719 batches |   33.3 ms/batch | loss 4.306 | ppl    74.2 |
| epoch 38 |  1400/ 1719 batches |   33.2 ms/batch | loss 4.304 | ppl    74.0 |
| epoch 38 |  1600/ 1719 batches |   33.3 ms/batch | loss 4.318 | ppl    75.0 |
--------------------------------------------------------------------------------------------
| end of epoch 38 |   64.8s | train loss 4.287 | train ppl    72.7 | valid nll   200.9 | valid acc 91.31 |
--------------------------------------------------------------------------------------------
| epoch 39 |   200/ 1719 batches |   33.6 ms/batch | loss 4.219 | ppl    68.0 |
| epoch 39 |   400/ 1719 batches |   33.3 ms/batch | loss 4.248 | ppl    70.0 |
| epoch 39 |   600/ 1719 batches |   33.4 ms/batch | loss 4.271 | ppl    71.6 |
| epoch 39 |   800/ 1719 batches |   33.3 ms/batch | loss 4.276 | ppl    71.9 |
| epoch 39 |  1000/ 1719 batches |   33.3 ms/batch | loss 4.289 | ppl    72.9 |
| epoch 39 |  1200/ 1719 batches |   33.3 ms/batch | loss 4.292 | ppl    73.1 |
| epoch 39 |  1400/ 1719 batches |   33.0 ms/batch | loss 4.314 | ppl    74.7 |
| epoch 39 |  1600/ 1719 batches |   33.5 ms/batch | loss 4.318 | ppl    75.0 |
--------------------------------------------------------------------------------------------
| end of epoch 39 |   64.8s | train loss 4.282 | train ppl    72.4 | valid nll   200.7 | valid acc 91.27 |
--------------------------------------------------------------------------------------------
| epoch 40 |   200/ 1719 batches |   33.2 ms/batch | loss 4.222 | ppl    68.2 |
| epoch 40 |   400/ 1719 batches |   33.2 ms/batch | loss 4.243 | ppl    69.7 |
| epoch 40 |   600/ 1719 batches |   33.2 ms/batch | loss 4.254 | ppl    70.4 |
| epoch 40 |   800/ 1719 batches |   33.1 ms/batch | loss 4.276 | ppl    72.0 |
| epoch 40 |  1000/ 1719 batches |   33.1 ms/batch | loss 4.283 | ppl    72.4 |
| epoch 40 |  1200/ 1719 batches |   33.1 ms/batch | loss 4.293 | ppl    73.2 |
| epoch 40 |  1400/ 1719 batches |   33.0 ms/batch | loss 4.303 | ppl    73.9 |
| epoch 40 |  1600/ 1719 batches |   33.0 ms/batch | loss 4.322 | ppl    75.4 |
--------------------------------------------------------------------------------------------
| end of epoch 40 |   64.4s | train loss 4.277 | train ppl    72.0 | valid nll   200.7 | valid acc 91.11 |
--------------------------------------------------------------------------------------------
| epoch 41 |   200/ 1719 batches |   33.1 ms/batch | loss 4.209 | ppl    67.3 |
| epoch 41 |   400/ 1719 batches |   33.1 ms/batch | loss 4.240 | ppl    69.4 |
| epoch 41 |   600/ 1719 batches |   33.2 ms/batch | loss 4.256 | ppl    70.5 |
| epoch 41 |   800/ 1719 batches |   33.9 ms/batch | loss 4.279 | ppl    72.1 |
| epoch 41 |  1000/ 1719 batches |   35.1 ms/batch | loss 4.272 | ppl    71.6 |
| epoch 41 |  1200/ 1719 batches |   34.8 ms/batch | loss 4.292 | ppl    73.1 |
| epoch 41 |  1400/ 1719 batches |   34.6 ms/batch | loss 4.293 | ppl    73.2 |
| epoch 41 |  1600/ 1719 batches |   35.0 ms/batch | loss 4.309 | ppl    74.3 |
--------------------------------------------------------------------------------------------
| end of epoch 41 |   66.4s | train loss 4.273 | train ppl    71.7 | valid nll   200.6 | valid acc 91.26 |
--------------------------------------------------------------------------------------------
| epoch 42 |   200/ 1719 batches |   34.9 ms/batch | loss 4.199 | ppl    66.6 |
| epoch 42 |   400/ 1719 batches |   34.8 ms/batch | loss 4.237 | ppl    69.2 |
| epoch 42 |   600/ 1719 batches |   35.0 ms/batch | loss 4.244 | ppl    69.7 |
| epoch 42 |   800/ 1719 batches |   34.8 ms/batch | loss 4.280 | ppl    72.2 |
| epoch 42 |  1000/ 1719 batches |   34.9 ms/batch | loss 4.271 | ppl    71.6 |
| epoch 42 |  1200/ 1719 batches |   34.8 ms/batch | loss 4.292 | ppl    73.1 |
| epoch 42 |  1400/ 1719 batches |   34.8 ms/batch | loss 4.292 | ppl    73.1 |
| epoch 42 |  1600/ 1719 batches |   34.9 ms/batch | loss 4.305 | ppl    74.1 |
--------------------------------------------------------------------------------------------
| end of epoch 42 |   67.7s | train loss 4.268 | train ppl    71.4 | valid nll   200.3 | valid acc 91.33 |
--------------------------------------------------------------------------------------------
| epoch 43 |   200/ 1719 batches |   34.6 ms/batch | loss 4.201 | ppl    66.7 |
| epoch 43 |   400/ 1719 batches |   33.1 ms/batch | loss 4.234 | ppl    69.0 |
| epoch 43 |   600/ 1719 batches |   33.6 ms/batch | loss 4.244 | ppl    69.7 |
| epoch 43 |   800/ 1719 batches |   34.4 ms/batch | loss 4.262 | ppl    71.0 |
| epoch 43 |  1000/ 1719 batches |   34.1 ms/batch | loss 4.267 | ppl    71.3 |
| epoch 43 |  1200/ 1719 batches |   34.4 ms/batch | loss 4.288 | ppl    72.8 |
| epoch 43 |  1400/ 1719 batches |   33.3 ms/batch | loss 4.290 | ppl    73.0 |
| epoch 43 |  1600/ 1719 batches |   33.2 ms/batch | loss 4.300 | ppl    73.7 |
--------------------------------------------------------------------------------------------
| end of epoch 43 |   65.8s | train loss 4.264 | train ppl    71.1 | valid nll   200.3 | valid acc 91.13 |
--------------------------------------------------------------------------------------------
| epoch 44 |   200/ 1719 batches |   33.4 ms/batch | loss 4.197 | ppl    66.5 |
| epoch 44 |   400/ 1719 batches |   33.5 ms/batch | loss 4.224 | ppl    68.3 |
| epoch 44 |   600/ 1719 batches |   33.3 ms/batch | loss 4.242 | ppl    69.5 |
| epoch 44 |   800/ 1719 batches |   33.2 ms/batch | loss 4.253 | ppl    70.3 |
| epoch 44 |  1000/ 1719 batches |   33.1 ms/batch | loss 4.279 | ppl    72.2 |
| epoch 44 |  1200/ 1719 batches |   33.2 ms/batch | loss 4.281 | ppl    72.3 |
| epoch 44 |  1400/ 1719 batches |   33.2 ms/batch | loss 4.291 | ppl    73.0 |
| epoch 44 |  1600/ 1719 batches |   33.1 ms/batch | loss 4.291 | ppl    73.1 |
--------------------------------------------------------------------------------------------
| end of epoch 44 |   64.7s | train loss 4.260 | train ppl    70.8 | valid nll   200.1 | valid acc 91.12 |
--------------------------------------------------------------------------------------------
| epoch 45 |   200/ 1719 batches |   33.1 ms/batch | loss 4.196 | ppl    66.4 |
| epoch 45 |   400/ 1719 batches |   33.2 ms/batch | loss 4.214 | ppl    67.6 |
| epoch 45 |   600/ 1719 batches |   33.2 ms/batch | loss 4.233 | ppl    68.9 |
| epoch 45 |   800/ 1719 batches |   33.2 ms/batch | loss 4.254 | ppl    70.4 |
| epoch 45 |  1000/ 1719 batches |   33.3 ms/batch | loss 4.262 | ppl    71.0 |
| epoch 45 |  1200/ 1719 batches |   33.2 ms/batch | loss 4.272 | ppl    71.7 |
| epoch 45 |  1400/ 1719 batches |   33.2 ms/batch | loss 4.299 | ppl    73.6 |
| epoch 45 |  1600/ 1719 batches |   33.2 ms/batch | loss 4.297 | ppl    73.5 |
--------------------------------------------------------------------------------------------
| end of epoch 45 |   64.6s | train loss 4.256 | train ppl    70.5 | valid nll   200.0 | valid acc 91.25 |
--------------------------------------------------------------------------------------------
| epoch 46 |   200/ 1719 batches |   33.2 ms/batch | loss 4.204 | ppl    66.9 |
| epoch 46 |   400/ 1719 batches |   33.3 ms/batch | loss 4.224 | ppl    68.3 |
| epoch 46 |   600/ 1719 batches |   33.2 ms/batch | loss 4.228 | ppl    68.6 |
| epoch 46 |   800/ 1719 batches |   33.3 ms/batch | loss 4.244 | ppl    69.7 |
| epoch 46 |  1000/ 1719 batches |   33.2 ms/batch | loss 4.261 | ppl    70.9 |
| epoch 46 |  1200/ 1719 batches |   33.2 ms/batch | loss 4.271 | ppl    71.6 |
| epoch 46 |  1400/ 1719 batches |   33.1 ms/batch | loss 4.280 | ppl    72.2 |
| epoch 46 |  1600/ 1719 batches |   33.4 ms/batch | loss 4.288 | ppl    72.8 |
--------------------------------------------------------------------------------------------
| end of epoch 46 |   64.6s | train loss 4.252 | train ppl    70.3 | valid nll   199.9 | valid acc 91.14 |
--------------------------------------------------------------------------------------------
| epoch 47 |   200/ 1719 batches |   33.1 ms/batch | loss 4.186 | ppl    65.8 |
| epoch 47 |   400/ 1719 batches |   33.1 ms/batch | loss 4.209 | ppl    67.3 |
| epoch 47 |   600/ 1719 batches |   33.3 ms/batch | loss 4.236 | ppl    69.1 |
| epoch 47 |   800/ 1719 batches |   34.0 ms/batch | loss 4.248 | ppl    70.0 |
| epoch 47 |  1000/ 1719 batches |   34.6 ms/batch | loss 4.247 | ppl    69.9 |
| epoch 47 |  1200/ 1719 batches |   34.8 ms/batch | loss 4.279 | ppl    72.2 |
| epoch 47 |  1400/ 1719 batches |   34.2 ms/batch | loss 4.265 | ppl    71.2 |
| epoch 47 |  1600/ 1719 batches |   34.3 ms/batch | loss 4.293 | ppl    73.2 |
--------------------------------------------------------------------------------------------
| end of epoch 47 |   65.9s | train loss 4.249 | train ppl    70.0 | valid nll   199.8 | valid acc 91.20 |
--------------------------------------------------------------------------------------------
| epoch 48 |   200/ 1719 batches |   33.8 ms/batch | loss 4.192 | ppl    66.1 |
| epoch 48 |   400/ 1719 batches |   34.2 ms/batch | loss 4.206 | ppl    67.1 |
| epoch 48 |   600/ 1719 batches |   33.6 ms/batch | loss 4.219 | ppl    68.0 |
| epoch 48 |   800/ 1719 batches |   33.4 ms/batch | loss 4.250 | ppl    70.1 |
| epoch 48 |  1000/ 1719 batches |   33.8 ms/batch | loss 4.251 | ppl    70.2 |
| epoch 48 |  1200/ 1719 batches |   34.1 ms/batch | loss 4.264 | ppl    71.1 |
| epoch 48 |  1400/ 1719 batches |   34.5 ms/batch | loss 4.272 | ppl    71.7 |
| epoch 48 |  1600/ 1719 batches |   33.6 ms/batch | loss 4.285 | ppl    72.6 |
--------------------------------------------------------------------------------------------
| end of epoch 48 |   65.9s | train loss 4.245 | train ppl    69.8 | valid nll   199.8 | valid acc 91.16 |
--------------------------------------------------------------------------------------------
| epoch 49 |   200/ 1719 batches |   33.2 ms/batch | loss 4.175 | ppl    65.0 |
| epoch 49 |   400/ 1719 batches |   33.1 ms/batch | loss 4.217 | ppl    67.8 |
| epoch 49 |   600/ 1719 batches |   33.2 ms/batch | loss 4.222 | ppl    68.2 |
| epoch 49 |   800/ 1719 batches |   33.8 ms/batch | loss 4.239 | ppl    69.3 |
| epoch 49 |  1000/ 1719 batches |   33.5 ms/batch | loss 4.245 | ppl    69.8 |
| epoch 49 |  1200/ 1719 batches |   33.2 ms/batch | loss 4.268 | ppl    71.4 |
| epoch 49 |  1400/ 1719 batches |   33.2 ms/batch | loss 4.272 | ppl    71.7 |
| epoch 49 |  1600/ 1719 batches |   34.9 ms/batch | loss 4.271 | ppl    71.6 |
--------------------------------------------------------------------------------------------
| end of epoch 49 |   65.4s | train loss 4.242 | train ppl    69.5 | valid nll   199.6 | valid acc 91.26 |
--------------------------------------------------------------------------------------------
| epoch 50 |   200/ 1719 batches |   34.7 ms/batch | loss 4.184 | ppl    65.6 |
| epoch 50 |   400/ 1719 batches |   34.7 ms/batch | loss 4.199 | ppl    66.6 |
| epoch 50 |   600/ 1719 batches |   35.1 ms/batch | loss 4.226 | ppl    68.5 |
| epoch 50 |   800/ 1719 batches |   35.0 ms/batch | loss 4.238 | ppl    69.3 |
| epoch 50 |  1000/ 1719 batches |   35.0 ms/batch | loss 4.246 | ppl    69.8 |
| epoch 50 |  1200/ 1719 batches |   34.7 ms/batch | loss 4.261 | ppl    70.9 |
